 model

 Timestamp is 60e576fb (Wed Jul  7 17:42:19 2021)

 Preferred load address is 0000000180000000

 Start         Length     Name                   Class
 0001:00000000 00000170H .text$di                CODE
 0001:00000170 00037d20H .text$mn                CODE
 0001:00037e90 00000020H .text$mn$00             CODE
 0001:00037eb0 000004f0H .text$x                 CODE
 0001:000383a0 00000130H .text$yd                CODE
 0002:00000000 000003d0H .idata$5                DATA
 0002:000003d0 00000010H .00cfg                  DATA
 0002:000003e0 00000008H .CRT$XCA                DATA
 0002:000003e8 00000038H .CRT$XCC                DATA
 0002:00000420 00000010H .CRT$XCL                DATA
 0002:00000430 00000018H .CRT$XCU                DATA
 0002:00000448 00000008H .CRT$XCZ                DATA
 0002:00000450 00000008H .CRT$XIA                DATA
 0002:00000458 00000028H .CRT$XIC                DATA
 0002:00000480 00000008H .CRT$XIZ                DATA
 0002:00000488 00000008H .CRT$XPA                DATA
 0002:00000490 00000010H .CRT$XPX                DATA
 0002:000004a0 00000008H .CRT$XPXA               DATA
 0002:000004a8 00000008H .CRT$XPZ                DATA
 0002:000004b0 00000008H .CRT$XTA                DATA
 0002:000004b8 00000008H .CRT$XTZ                DATA
 0002:000004c0 00000000H .gfids$y                DATA
 0002:000004c0 000128a0H .rdata                  DATA
 0002:00012d60 00000fbcH .rdata$r                DATA
 0002:00013d1c 000003a4H .rdata$zzzdbg           DATA
 0002:000140c0 00000008H .rtc$IAA                DATA
 0002:000140c8 00000008H .rtc$IZZ                DATA
 0002:000140d0 00000008H .rtc$TAA                DATA
 0002:000140d8 00000008H .rtc$TZZ                DATA
 0002:000140e0 00002e48H .xdata                  DATA
 0002:00016f28 00000248H .xdata$x                DATA
 0002:00017170 00000050H .edata                  DATA
 0002:000171c0 00000028H .idata$2                DATA
 0002:000171e8 00000018H .idata$3                DATA
 0002:00017200 000003d0H .idata$4                DATA
 0002:000175d0 00001020H .idata$6                DATA
 0003:00000000 00001f30H .data                   DATA
 0003:00001f30 000005f0H .data$r                 DATA
 0003:00002520 00001984H .bss                    DATA
 0004:00000000 00002e08H .pdata                  DATA
 0005:00000000 00000060H .rsrc$01                DATA
 0005:00000060 00000180H .rsrc$02                DATA

  Address         Publics by Value              Rva+Base               Lib:Object

 0000:00000000       __hybrid_code_map_count    0000000000000000     <absolute>
 0000:00000000       __hybrid_code_map          0000000000000000     <absolute>
 0000:00000000       __guard_iat_count          0000000000000000     <absolute>
 0000:00000000       __guard_longjmp_count      0000000000000000     <absolute>
 0000:00000000       __guard_longjmp_table      0000000000000000     <absolute>
 0000:00000000       __volatile_metadata        0000000000000000     <absolute>
 0000:00000000       __guard_iat_table          0000000000000000     <absolute>
 0000:00000000       __guard_fids_count         0000000000000000     <absolute>
 0000:00000000       ___safe_se_handler_count   0000000000000000     <absolute>
 0000:00000000       __enclave_config           0000000000000000     <absolute>
 0000:00000000       ___safe_se_handler_table   0000000000000000     <absolute>
 0000:00000000       __guard_fids_table         0000000000000000     <absolute>
 0000:00000000       __hybrid_auxiliary_iat     0000000000000000     <absolute>
 0000:00000000       __dynamic_value_reloc_table 0000000000000000     <absolute>
 0000:00000100       __guard_flags              0000000000000100     <absolute>
 0000:00000000       __ImageBase                0000000180000000     <linker-defined>
 0001:00000170       __local_stdio_printf_options 0000000180001170 f i wrapper.obj
 0001:00000180       sprintf_s                  0000000180001180 f i wrapper.obj
 0001:000001e0       ?what@exception@stdext@@UEBAPEBDXZ 00000001800011e0 f i wrapper.obj
 0001:00000200       ?_Raise@exception@stdext@@QEBAXXZ 0000000180001200 f i wrapper.obj
 0001:00000240       _guard_check_icall_nop     0000000180001240 f i LIBCMT:guard_support.obj
 0001:00000240       ?_Doraise@exception@stdext@@MEBAXXZ 0000000180001240 f i wrapper.obj
 0001:00000240       ?_Unlock@?$basic_streambuf@DU?$char_traits@D@std@@@std@@UEAAXXZ 0000000180001240 f i wrapper.obj
 0001:00000240       ?_Lock@?$basic_streambuf@DU?$char_traits@D@std@@@std@@UEAAXXZ 0000000180001240 f i wrapper.obj
 0001:00000240       ?imbue@?$basic_streambuf@DU?$char_traits@D@std@@@std@@MEAAXAEBVlocale@2@@Z 0000000180001240 f i wrapper.obj
 0001:00000250       ??_Eexception@stdext@@UEAAPEAXI@Z 0000000180001250 f i * CIL library *:* CIL module *
 0001:00000250       ??_Gruntime_error@std@@UEAAPEAXI@Z 0000000180001250 f i wrapper.obj
 0001:00000250       ??_Gexception@stdext@@UEAAPEAXI@Z 0000000180001250 f i wrapper.obj
 0001:00000250       ??_Eruntime_error@std@@UEAAPEAXI@Z 0000000180001250 f i * CIL library *:* CIL module *
 0001:00000280       ??0runtime_error@std@@QEAA@PEBD@Z 0000000180001280 f i wrapper.obj
 0001:000002a0       ??1_Locinfo@std@@QEAA@XZ   00000001800012a0 f i wrapper.obj
 0001:00000340       ??_E_Facet_base@std@@UEAAPEAXI@Z 0000000180001340 f i * CIL library *:* CIL module *
 0001:00000340       ??_G_Facet_base@std@@UEAAPEAXI@Z 0000000180001340 f i wrapper.obj
 0001:00000370       ?_Incref@facet@locale@std@@UEAAXXZ 0000000180001370 f i wrapper.obj
 0001:00000380       ?_Decref@facet@locale@std@@UEAAPEAV_Facet_base@3@XZ 0000000180001380 f i wrapper.obj
 0001:00000390       DllMain                    0000000180001390 f i LIBCMT:dll_dllmain_stub.obj
 0001:00000390       ?do_encoding@codecvt_base@std@@MEBAHXZ 0000000180001390 f i wrapper.obj
 0001:00000390       ?do_max_length@codecvt_base@std@@MEBAHXZ 0000000180001390 f i wrapper.obj
 0001:00000390       _get_startup_argv_mode     0000000180001390 f i LIBCMT:argv_mode.obj
 0001:000003a0       ?do_tolower@?$ctype@D@std@@MEBADD@Z 00000001800013a0 f i wrapper.obj
 0001:000003b0       ?do_tolower@?$ctype@D@std@@MEBAPEBDPEADPEBD@Z 00000001800013b0 f i wrapper.obj
 0001:00000410       ?do_toupper@?$ctype@D@std@@MEBADD@Z 0000000180001410 f i wrapper.obj
 0001:00000420       ?do_toupper@?$ctype@D@std@@MEBAPEBDPEADPEBD@Z 0000000180001420 f i wrapper.obj
 0001:00000480       ?do_widen@?$ctype@D@std@@MEBADD@Z 0000000180001480 f i wrapper.obj
 0001:00000480       ?do_narrow@?$ctype@D@std@@MEBADDD@Z 0000000180001480 f i wrapper.obj
 0001:00000490       ?do_widen@?$ctype@D@std@@MEBAPEBDPEBD0PEAD@Z 0000000180001490 f i wrapper.obj
 0001:000004b0       ?do_narrow@?$ctype@D@std@@MEBAPEBDPEBD0DPEAD@Z 00000001800014b0 f i wrapper.obj
 0001:000004d0       ??_G?$ctype@D@std@@MEAAPEAXI@Z 00000001800014d0 f i wrapper.obj
 0001:000004d0       ??_E?$ctype@D@std@@MEAAPEAXI@Z 00000001800014d0 f i * CIL library *:* CIL module *
 0001:00000540       ?default_error_condition@error_category@std@@UEBA?AVerror_condition@2@H@Z 0000000180001540 f i wrapper.obj
 0001:00000550       ?equivalent@error_category@std@@UEBA_NHAEBVerror_condition@2@@Z 0000000180001550 f i wrapper.obj
 0001:00000590       ?equivalent@error_category@std@@UEBA_NAEBVerror_code@2@H@Z 0000000180001590 f i wrapper.obj
 0001:000005b0       ?make_error_code@std@@YA?AVerror_code@1@W4io_errc@1@@Z 00000001800015b0 f i wrapper.obj
 0001:00000600       ??0_System_error@std@@IEAA@Verror_code@1@AEBV?$basic_string@DU?$char_traits@D@std@@V?$allocator@D@2@@1@@Z 0000000180001600 f i wrapper.obj
 0001:00000830       ??_Efailure@ios_base@std@@UEAAPEAXI@Z 0000000180001830 f i * CIL library *:* CIL module *
 0001:00000830       ??_G_System_error@std@@UEAAPEAXI@Z 0000000180001830 f i wrapper.obj
 0001:00000830       ??_Gfailure@ios_base@std@@UEAAPEAXI@Z 0000000180001830 f i wrapper.obj
 0001:00000830       ??_E_System_error@std@@UEAAPEAXI@Z 0000000180001830 f i * CIL library *:* CIL module *
 0001:00000860       ?name@_Iostream_error_category@std@@UEBAPEBDXZ 0000000180001860 f i wrapper.obj
 0001:00000870       ?message@_Iostream_error_category@std@@UEBA?AV?$basic_string@DU?$char_traits@D@std@@V?$allocator@D@2@@2@H@Z 0000000180001870 f i wrapper.obj
 0001:000008c0       ??_G_Iostream_error_category@std@@UEAAPEAXI@Z 00000001800018c0 f i wrapper.obj
 0001:000008c0       ??_E_Iostream_error_category@std@@UEAAPEAXI@Z 00000001800018c0 f i * CIL library *:* CIL module *
 0001:000008f0       ??0failure@ios_base@std@@QEAA@PEBDAEBVerror_code@2@@Z 00000001800018f0 f i wrapper.obj
 0001:000009a0       ??_Eios_base@std@@UEAAPEAXI@Z 00000001800019a0 f i * CIL library *:* CIL module *
 0001:000009a0       ??_Gios_base@std@@UEAAPEAXI@Z 00000001800019a0 f i wrapper.obj
 0001:000009e0       ?NODE_SET_PROTOTYPE_METHOD@node@@YAXV?$Local@VFunctionTemplate@v8@@@v8@@PEBDP6AXAEBV?$FunctionCallbackInfo@VValue@v8@@@3@@Z@Z 00000001800019e0 f i wrapper.obj
 0001:00000ad0       ?Ref@ObjectWrap@Nan@@MEAAXXZ 0000000180001ad0 f i wrapper.obj
 0001:00000b10       ?Unref@ObjectWrap@Nan@@MEAAXXZ 0000000180001b10 f i wrapper.obj
 0001:00000bc0       ?WeakCallback@ObjectWrap@Nan@@CAXAEBV?$WeakCallbackInfo@VObjectWrap@Nan@@@v8@@@Z 0000000180001bc0 f i wrapper.obj
 0001:00000c50       ??_GObjectWrap@Nan@@UEAAPEAXI@Z 0000000180001c50 f i wrapper.obj
 0001:00000c50       ??_EObjectWrap@Nan@@UEAAPEAXI@Z 0000000180001c50 f i * CIL library *:* CIL module *
 0001:00000ce0       ??_EFISHSpace@fishspace@@EEAAPEAXI@Z 0000000180001ce0 f i * CIL library *:* CIL module *
 0001:00000ce0       ??_GFISHSpace@fishspace@@EEAAPEAXI@Z 0000000180001ce0 f i wrapper.obj
 0001:00000d80       ?New@FISHSpace@fishspace@@CAXAEBV?$FunctionCallbackInfo@VValue@v8@@@v8@@@Z 0000000180001d80 f   wrapper.obj
 0001:00000fd0       ??4FISHSpaceModel@fishspace@@QEAAAEAV01@AEBV01@@Z 0000000180001fd0 f i wrapper.obj
 0001:00001280       ?add_fisher@FISHSpace@fishspace@@CAXAEBV?$FunctionCallbackInfo@VValue@v8@@@v8@@@Z 0000000180002280 f   wrapper.obj
 0001:00002300       ??_D?$basic_ofstream@DU?$char_traits@D@std@@@std@@QEAAXXZ 0000000180003300 f i wrapper.obj
 0001:00002390       ?run_timestep@FISHSpace@fishspace@@CAXAEBV?$FunctionCallbackInfo@VValue@v8@@@v8@@@Z 0000000180003390 f   wrapper.obj
 0001:00002e60       ?shim@FISHSpace@fishspace@@CAXAEBV?$FunctionCallbackInfo@VValue@v8@@@v8@@@Z 0000000180003e60 f   wrapper.obj
 0001:000034c0       ?mult_frac_2df@FISHSpace@fishspace@@CA?AV?$vector@V?$vector@NV?$allocator@N@std@@@std@@V?$allocator@V?$vector@NV?$allocator@N@std@@@std@@@2@@std@@V34@N@Z 00000001800044c0 f   wrapper.obj
 0001:00003740       ?parse_model_input@fishspace@@YA?AUModelInput@1@PEAVIsolate@v8@@V?$Local@VObject@v8@@@4@@Z 0000000180004740 f   wrapper.obj
 0001:00004200       ?parse_map_input@fishspace@@YA?AUMapInputs@1@PEAVIsolate@v8@@V?$Local@VObject@v8@@@4@@Z 0000000180005200 f   wrapper.obj
 0001:000050f0       ??1ModelOutput@fishspace@@QEAA@XZ 00000001800060f0 f i wrapper.obj
 0001:000051e0       ??0MapInputs@fishspace@@QEAA@AEBU01@@Z 00000001800061e0 f i wrapper.obj
 0001:000054b0       ??4?$deque@V?$vector@V?$vector@NV?$allocator@N@std@@@std@@V?$allocator@V?$vector@NV?$allocator@N@std@@@std@@@2@@std@@V?$allocator@V?$vector@V?$vector@NV?$allocator@N@std@@@std@@V?$allocator@V?$vector@NV?$allocator@N@std@@@std@@@2@@std@@@2@@std@@QEAAAEAV01@AEBV01@@Z 00000001800064b0 f i wrapper.obj
 0001:000056f0       ??0?$vector@V?$vector@V?$vector@HV?$allocator@H@std@@@std@@V?$allocator@V?$vector@HV?$allocator@H@std@@@std@@@2@@std@@V?$allocator@V?$vector@V?$vector@HV?$allocator@H@std@@@std@@V?$allocator@V?$vector@HV?$allocator@H@std@@@std@@@2@@std@@@2@@std@@QEAA@AEBV01@@Z 00000001800066f0 f i wrapper.obj
 0001:00005870       ??0?$vector@UConnectivityMetadata@fishspace@@V?$allocator@UConnectivityMetadata@fishspace@@@std@@@std@@QEAA@AEBV01@@Z 0000000180006870 f i wrapper.obj
 0001:000058f0       ??0?$basic_string@DU?$char_traits@D@std@@V?$allocator@D@2@@std@@QEAA@_KD@Z 00000001800068f0 f i wrapper.obj
 0001:00005a60       ??0?$basic_string@DU?$char_traits@D@std@@V?$allocator@D@2@@std@@QEAA@QEBD@Z 0000000180006a60 f i wrapper.obj
 0001:00005bd0       ?open@?$basic_ofstream@DU?$char_traits@D@std@@@std@@QEAAXPEBDHH@Z 0000000180006bd0 f i wrapper.obj
 0001:00005cf0       ??0?$basic_ofstream@DU?$char_traits@D@std@@@std@@QEAA@XZ 0000000180006cf0 f i wrapper.obj
 0001:00005ee0       ?imbue@?$basic_filebuf@DU?$char_traits@D@std@@@std@@MEAAXAEBVlocale@2@@Z 0000000180006ee0 f i wrapper.obj
 0001:00005f10       ?sync@?$basic_filebuf@DU?$char_traits@D@std@@@std@@MEAAHXZ 0000000180006f10 f i wrapper.obj
 0001:00005f60       ?setbuf@?$basic_filebuf@DU?$char_traits@D@std@@@std@@MEAAPEAV?$basic_streambuf@DU?$char_traits@D@std@@@2@PEAD_J@Z 0000000180006f60 f i wrapper.obj
 0001:00005fc0       ?seekpos@?$basic_filebuf@DU?$char_traits@D@std@@@std@@MEAA?AV?$fpos@U_Mbstatet@@@2@V32@H@Z 0000000180006fc0 f i wrapper.obj
 0001:000060a0       ?seekoff@?$basic_filebuf@DU?$char_traits@D@std@@@std@@MEAA?AV?$fpos@U_Mbstatet@@@2@_JHH@Z 00000001800070a0 f i wrapper.obj
 0001:00006190       ?xsputn@?$basic_filebuf@DU?$char_traits@D@std@@@std@@MEAA_JPEBD_J@Z 0000000180007190 f i wrapper.obj
 0001:00006270       ?xsgetn@?$basic_filebuf@DU?$char_traits@D@std@@@std@@MEAA_JPEAD_J@Z 0000000180007270 f i wrapper.obj
 0001:00006350       ?uflow@?$basic_filebuf@DU?$char_traits@D@std@@@std@@MEAAHXZ 0000000180007350 f i wrapper.obj
 0001:000065f0       ?underflow@?$basic_filebuf@DU?$char_traits@D@std@@@std@@MEAAHXZ 00000001800075f0 f i wrapper.obj
 0001:00006660       ?pbackfail@?$basic_filebuf@DU?$char_traits@D@std@@@std@@MEAAHH@Z 0000000180007660 f i wrapper.obj
 0001:00006750       ?overflow@?$basic_filebuf@DU?$char_traits@D@std@@@std@@MEAAHH@Z 0000000180007750 f i wrapper.obj
 0001:000068f0       ?_Unlock@?$basic_filebuf@DU?$char_traits@D@std@@@std@@UEAAXXZ 00000001800078f0 f i wrapper.obj
 0001:00006910       ?_Lock@?$basic_filebuf@DU?$char_traits@D@std@@@std@@UEAAXXZ 0000000180007910 f i wrapper.obj
 0001:00006930       ??1?$basic_filebuf@DU?$char_traits@D@std@@@std@@UEAA@XZ 0000000180007930 f i wrapper.obj
 0001:000069e0       ??6?$basic_ostream@DU?$char_traits@D@std@@@std@@QEAAAEAV01@N@Z 00000001800079e0 f i wrapper.obj
 0001:00006b80       ??6?$basic_ostream@DU?$char_traits@D@std@@@std@@QEAAAEAV01@H@Z 0000000180007b80 f i wrapper.obj
 0001:00006d10       ?sync@?$basic_streambuf@DU?$char_traits@D@std@@@std@@MEAAHXZ 0000000180007d10 f i wrapper.obj
 0001:00006d10       ?showmanyc@?$basic_streambuf@DU?$char_traits@D@std@@@std@@MEAA_JXZ 0000000180007d10 f i wrapper.obj
 0001:00006d20       ?setbuf@?$basic_streambuf@DU?$char_traits@D@std@@@std@@MEAAPEAV12@PEAD_J@Z 0000000180007d20 f i wrapper.obj
 0001:00006d30       ?seekpos@?$basic_streambuf@DU?$char_traits@D@std@@@std@@MEAA?AV?$fpos@U_Mbstatet@@@2@V32@H@Z 0000000180007d30 f i wrapper.obj
 0001:00006d30       ?seekoff@?$basic_streambuf@DU?$char_traits@D@std@@@std@@MEAA?AV?$fpos@U_Mbstatet@@@2@_JHH@Z 0000000180007d30 f i wrapper.obj
 0001:00006d50       ?xsputn@?$basic_streambuf@DU?$char_traits@D@std@@@std@@MEAA_JPEBD_J@Z 0000000180007d50 f i wrapper.obj
 0001:00006e10       ?xsgetn@?$basic_streambuf@DU?$char_traits@D@std@@@std@@MEAA_JPEAD_J@Z 0000000180007e10 f i wrapper.obj
 0001:00006ec0       ?uflow@?$basic_streambuf@DU?$char_traits@D@std@@@std@@MEAAHXZ 0000000180007ec0 f i wrapper.obj
 0001:00006f00       ?pbackfail@?$basic_streambuf@DU?$char_traits@D@std@@@std@@MEAAHH@Z 0000000180007f00 f i wrapper.obj
 0001:00006f00       ?underflow@?$basic_streambuf@DU?$char_traits@D@std@@@std@@MEAAHXZ 0000000180007f00 f i wrapper.obj
 0001:00006f00       ?overflow@?$basic_streambuf@DU?$char_traits@D@std@@@std@@MEAAHH@Z 0000000180007f00 f i wrapper.obj
 0001:00006f10       ??_E?$basic_ofstream@DU?$char_traits@D@std@@@std@@UEAAPEAXI@Z 0000000180007f10 f i * CIL library *:* CIL module *
 0001:00006f10       ??_G?$basic_ofstream@DU?$char_traits@D@std@@@std@@UEAAPEAXI@Z 0000000180007f10 f i wrapper.obj
 0001:00006f50       ??_E?$basic_filebuf@DU?$char_traits@D@std@@@std@@UEAAPEAXI@Z 0000000180007f50 f i * CIL library *:* CIL module *
 0001:00006f50       ??_G?$basic_filebuf@DU?$char_traits@D@std@@@std@@UEAAPEAXI@Z 0000000180007f50 f i wrapper.obj
 0001:00006f90       ??_G?$basic_ostream@DU?$char_traits@D@std@@@std@@UEAAPEAXI@Z 0000000180007f90 f i wrapper.obj
 0001:00006f90       ??_E?$basic_ostream@DU?$char_traits@D@std@@@std@@UEAAPEAXI@Z 0000000180007f90 f i * CIL library *:* CIL module *
 0001:00007000       ??_E?$basic_streambuf@DU?$char_traits@D@std@@@std@@UEAAPEAXI@Z 0000000180008000 f i * CIL library *:* CIL module *
 0001:00007000       ??_G?$basic_streambuf@DU?$char_traits@D@std@@@std@@UEAAPEAXI@Z 0000000180008000 f i wrapper.obj
 0001:00007080       ??_G?$basic_ios@DU?$char_traits@D@std@@@std@@UEAAPEAXI@Z 0000000180008080 f i wrapper.obj
 0001:00007080       ??_E?$basic_ios@DU?$char_traits@D@std@@@std@@UEAAPEAXI@Z 0000000180008080 f i * CIL library *:* CIL module *
 0001:000070c0       ?do_length@?$codecvt@DDU_Mbstatet@@@std@@MEBAHAEAU_Mbstatet@@PEBD1_K@Z 00000001800080c0 f i wrapper.obj
 0001:000070d0       ?do_unshift@?$codecvt@DDU_Mbstatet@@@std@@MEBAHAEAU_Mbstatet@@PEAD1AEAPEAD@Z 00000001800080d0 f i wrapper.obj
 0001:000070e0       ?do_in@?$codecvt@DDU_Mbstatet@@@std@@MEBAHAEAU_Mbstatet@@PEBD1AEAPEBDPEAD3AEAPEAD@Z 00000001800080e0 f i wrapper.obj
 0001:000070e0       ?do_out@?$codecvt@DDU_Mbstatet@@@std@@MEBAHAEAU_Mbstatet@@PEBD1AEAPEBDPEAD3AEAPEAD@Z 00000001800080e0 f i wrapper.obj
 0001:00007100       __acrt_uninitialize_command_line 0000000180008100 f i libucrt:argv_data.obj
 0001:00007100       ?do_always_noconv@?$codecvt@DDU_Mbstatet@@@std@@MEBA_NXZ 0000000180008100 f i wrapper.obj
 0001:00007110       ??0sentry@?$basic_ostream@DU?$char_traits@D@std@@@std@@QEAA@AEAV12@@Z 0000000180008110 f i wrapper.obj
 0001:00007180       ?do_put@?$num_put@DV?$ostreambuf_iterator@DU?$char_traits@D@std@@@std@@@std@@MEBA?AV?$ostreambuf_iterator@DU?$char_traits@D@std@@@2@V32@AEAVios_base@2@DPEBX@Z 0000000180008180 f i wrapper.obj
 0001:00007220       ?do_put@?$num_put@DV?$ostreambuf_iterator@DU?$char_traits@D@std@@@std@@@std@@MEBA?AV?$ostreambuf_iterator@DU?$char_traits@D@std@@@2@V32@AEAVios_base@2@DO@Z 0000000180008220 f i wrapper.obj
 0001:00007500       ?do_put@?$num_put@DV?$ostreambuf_iterator@DU?$char_traits@D@std@@@std@@@std@@MEBA?AV?$ostreambuf_iterator@DU?$char_traits@D@std@@@2@V32@AEAVios_base@2@DN@Z 0000000180008500 f i wrapper.obj
 0001:000077e0       ?do_put@?$num_put@DV?$ostreambuf_iterator@DU?$char_traits@D@std@@@std@@@std@@MEBA?AV?$ostreambuf_iterator@DU?$char_traits@D@std@@@2@V32@AEAVios_base@2@D_K@Z 00000001800087e0 f i wrapper.obj
 0001:00007900       ?do_put@?$num_put@DV?$ostreambuf_iterator@DU?$char_traits@D@std@@@std@@@std@@MEBA?AV?$ostreambuf_iterator@DU?$char_traits@D@std@@@2@V32@AEAVios_base@2@D_J@Z 0000000180008900 f i wrapper.obj
 0001:00007a20       ?do_put@?$num_put@DV?$ostreambuf_iterator@DU?$char_traits@D@std@@@std@@@std@@MEBA?AV?$ostreambuf_iterator@DU?$char_traits@D@std@@@2@V32@AEAVios_base@2@DK@Z 0000000180008a20 f i wrapper.obj
 0001:00007b40       ?do_put@?$num_put@DV?$ostreambuf_iterator@DU?$char_traits@D@std@@@std@@@std@@MEBA?AV?$ostreambuf_iterator@DU?$char_traits@D@std@@@2@V32@AEAVios_base@2@DJ@Z 0000000180008b40 f i wrapper.obj
 0001:00007c60       ?do_put@?$num_put@DV?$ostreambuf_iterator@DU?$char_traits@D@std@@@std@@@std@@MEBA?AV?$ostreambuf_iterator@DU?$char_traits@D@std@@@2@V32@AEAVios_base@2@D_N@Z 0000000180008c60 f i wrapper.obj
 0001:00007f60       ?_Tidy@?$deque@V?$vector@V?$vector@NV?$allocator@N@std@@@std@@V?$allocator@V?$vector@NV?$allocator@N@std@@@std@@@2@@std@@V?$allocator@V?$vector@V?$vector@NV?$allocator@N@std@@@std@@V?$allocator@V?$vector@NV?$allocator@N@std@@@std@@@2@@std@@@2@@std@@IEAAXXZ 0000000180008f60 f i wrapper.obj
 0001:00008040       ?erase@?$deque@V?$vector@V?$vector@NV?$allocator@N@std@@@std@@V?$allocator@V?$vector@NV?$allocator@N@std@@@std@@@2@@std@@V?$allocator@V?$vector@V?$vector@NV?$allocator@N@std@@@std@@V?$allocator@V?$vector@NV?$allocator@N@std@@@std@@@2@@std@@@2@@std@@QEAA?AV?$_Deque_iterator@V?$_Deque_val@U?$_Deque_simple_types@V?$vector@V?$vector@NV?$allocator@N@std@@@std@@V?$allocator@V?$vector@NV?$allocator@N@std@@@std@@@2@@std@@@std@@@std@@@2@V?$_Deque_const_iterator@V?$_Deque_val@U?$_Deque_simple_types@V?$vector@V?$vector@NV?$allocator@N@std@@@std@@V?$allocator@V?$vector@NV?$allocator@N@std@@@std@@@2@@std@@@std@@@std@@@2@0@Z 0000000180009040 f i wrapper.obj
 0001:000083c0       ?_Tidy@?$vector@V?$vector@V?$vector@HV?$allocator@H@std@@@std@@V?$allocator@V?$vector@HV?$allocator@H@std@@@std@@@2@@std@@V?$allocator@V?$vector@V?$vector@HV?$allocator@H@std@@@std@@V?$allocator@V?$vector@HV?$allocator@H@std@@@std@@@2@@std@@@2@@std@@AEAAXXZ 00000001800093c0 f i wrapper.obj
 0001:00008480       ?_Tidy@?$vector@UConnectivityMetadata@fishspace@@V?$allocator@UConnectivityMetadata@fishspace@@@std@@@std@@AEAAXXZ 0000000180009480 f i wrapper.obj
 0001:00008500       ?_Buy@?$vector@UConnectivityMetadata@fishspace@@V?$allocator@UConnectivityMetadata@fishspace@@@std@@@std@@AEAA_N_K@Z 0000000180009500 f i wrapper.obj
 0001:000085b0       ?_Tidy@?$vector@V?$vector@NV?$allocator@N@std@@@std@@V?$allocator@V?$vector@NV?$allocator@N@std@@@std@@@2@@std@@AEAAXXZ 00000001800095b0 f i wrapper.obj
 0001:00008640       ?_Buy@?$vector@V?$vector@HV?$allocator@H@std@@@std@@V?$allocator@V?$vector@HV?$allocator@H@std@@@std@@@2@@std@@AEAA_N_K@Z 0000000180009640 f i wrapper.obj
 0001:00008640       ?_Buy@?$vector@V?$vector@NV?$allocator@N@std@@@std@@V?$allocator@V?$vector@NV?$allocator@N@std@@@std@@@2@@std@@AEAA_N_K@Z 0000000180009640 f i wrapper.obj
 0001:000086f0       ?_Buy@?$vector@NV?$allocator@N@std@@@std@@AEAA_N_K@Z 00000001800096f0 f i wrapper.obj
 0001:000087a0       ?_Tidy@?$vector@V?$vector@HV?$allocator@H@std@@@std@@V?$allocator@V?$vector@HV?$allocator@H@std@@@std@@@2@@std@@AEAAXXZ 00000001800097a0 f i wrapper.obj
 0001:00008830       ?push_back@?$basic_string@DU?$char_traits@D@std@@V?$allocator@D@2@@std@@QEAAXD@Z 0000000180009830 f i wrapper.obj
 0001:000089c0       ?append@?$basic_string@DU?$char_traits@D@std@@V?$allocator@D@2@@std@@QEAAAEAV12@QEBD_K@Z 00000001800099c0 f i wrapper.obj
 0001:00008a40       ?_Reset_back@?$basic_filebuf@DU?$char_traits@D@std@@@std@@AEAAXXZ 0000000180009a40 f i wrapper.obj
 0001:00008a70       ?_Initcvt@?$basic_filebuf@DU?$char_traits@D@std@@@std@@IEAAXAEBV?$codecvt@DDU_Mbstatet@@@2@@Z 0000000180009a70 f i wrapper.obj
 0001:00008b10       ?_Endwrite@?$basic_filebuf@DU?$char_traits@D@std@@@std@@IEAA_NXZ 0000000180009b10 f i wrapper.obj
 0001:00008be0       ?_Init@?$basic_filebuf@DU?$char_traits@D@std@@@std@@IEAAXPEAU_iobuf@@W4_Initfl@12@@Z 0000000180009be0 f i wrapper.obj
 0001:00008cd0       ?close@?$basic_filebuf@DU?$char_traits@D@std@@@std@@QEAAPEAV12@XZ 0000000180009cd0 f i wrapper.obj
 0001:00008da0       ??0?$basic_ostream@DU?$char_traits@D@std@@@std@@QEAA@PEAV?$basic_streambuf@DU?$char_traits@D@std@@@1@_N@Z 0000000180009da0 f i wrapper.obj
 0001:00008ef0       ?_Pnavail@?$basic_streambuf@DU?$char_traits@D@std@@@std@@IEBA_JXZ 0000000180009ef0 f i wrapper.obj
 0001:00008f10       ?_Gnavail@?$basic_streambuf@DU?$char_traits@D@std@@@std@@IEBA_JXZ 0000000180009f10 f i wrapper.obj
 0001:00008f30       ?clear@?$basic_ios@DU?$char_traits@D@std@@@std@@QEAAXH_N@Z 0000000180009f30 f i wrapper.obj
 0001:00008fb0       ??_G?$codecvt@DDU_Mbstatet@@@std@@MEAAPEAXI@Z 0000000180009fb0 f i wrapper.obj
 0001:00008fb0       ??_E?$num_put@DV?$ostreambuf_iterator@DU?$char_traits@D@std@@@std@@@std@@MEAAPEAXI@Z 0000000180009fb0 f i * CIL library *:* CIL module *
 0001:00008fb0       ??_G?$num_put@DV?$ostreambuf_iterator@DU?$char_traits@D@std@@@std@@@std@@MEAAPEAXI@Z 0000000180009fb0 f i wrapper.obj
 0001:00008fb0       ??_E?$codecvt@DDU_Mbstatet@@@std@@MEAAPEAXI@Z 0000000180009fb0 f i * CIL library *:* CIL module *
 0001:00008fe0       ?do_truename@?$numpunct@D@std@@MEBA?AV?$basic_string@DU?$char_traits@D@std@@V?$allocator@D@2@@2@XZ 0000000180009fe0 f i wrapper.obj
 0001:00009000       ?do_falsename@?$numpunct@D@std@@MEBA?AV?$basic_string@DU?$char_traits@D@std@@V?$allocator@D@2@@2@XZ 000000018000a000 f i wrapper.obj
 0001:00009020       ?do_grouping@?$numpunct@D@std@@MEBA?AV?$basic_string@DU?$char_traits@D@std@@V?$allocator@D@2@@2@XZ 000000018000a020 f i wrapper.obj
 0001:00009040       ?do_thousands_sep@?$numpunct@D@std@@MEBADXZ 000000018000a040 f i wrapper.obj
 0001:00009050       ?do_decimal_point@?$numpunct@D@std@@MEBADXZ 000000018000a050 f i wrapper.obj
 0001:00009060       ?_Iput@?$num_put@DV?$ostreambuf_iterator@DU?$char_traits@D@std@@@std@@@std@@AEBA?AV?$ostreambuf_iterator@DU?$char_traits@D@std@@@2@V32@AEAVios_base@2@DPEAD_K@Z 000000018000a060 f i wrapper.obj
 0001:000096d0       ?_Fput@?$num_put@DV?$ostreambuf_iterator@DU?$char_traits@D@std@@@std@@@std@@AEBA?AV?$ostreambuf_iterator@DU?$char_traits@D@std@@@2@V32@AEAVios_base@2@DPEBD_K@Z 000000018000a6d0 f i wrapper.obj
 0001:00009dc0       ?_Xlength@?$vector@V?$vector@V?$vector@HV?$allocator@H@std@@@std@@V?$allocator@V?$vector@HV?$allocator@H@std@@@std@@@2@@std@@V?$allocator@V?$vector@V?$vector@HV?$allocator@H@std@@@std@@V?$allocator@V?$vector@HV?$allocator@H@std@@@std@@@2@@std@@@2@@std@@CAXXZ 000000018000adc0 f i wrapper.obj
 0001:00009dc0       ?_Xlength@?$vector@NV?$allocator@N@std@@@std@@CAXXZ 000000018000adc0 f i wrapper.obj
 0001:00009dc0       ?_Xlength@?$vector@V?$vector@HV?$allocator@H@std@@@std@@V?$allocator@V?$vector@HV?$allocator@H@std@@@std@@@2@@std@@CAXXZ 000000018000adc0 f i wrapper.obj
 0001:00009dc0       ?_Xlength@?$vector@V?$vector@NV?$allocator@N@std@@@std@@V?$allocator@V?$vector@NV?$allocator@N@std@@@std@@@2@@std@@CAXXZ 000000018000adc0 f i wrapper.obj
 0001:00009dc0       ?_Xlength@?$vector@PEAVGenericFisher@fishing@@V?$allocator@PEAVGenericFisher@fishing@@@std@@@std@@CAXXZ 000000018000adc0 f i wrapper.obj
 0001:00009dc0       ?_Xlength@?$vector@UConnectivityMetadata@fishspace@@V?$allocator@UConnectivityMetadata@fishspace@@@std@@@std@@CAXXZ 000000018000adc0 f i wrapper.obj
 0001:00009dc0       ?_Xlength@?$vector@HV?$allocator@H@std@@@std@@CAXXZ 000000018000adc0 f i wrapper.obj
 0001:00009de0       ?flush@?$basic_ostream@DU?$char_traits@D@std@@@std@@QEAAAEAV12@XZ 000000018000ade0 f i wrapper.obj
 0001:00009eb0       ??0?$basic_streambuf@DU?$char_traits@D@std@@@std@@IEAA@XZ 000000018000aeb0 f i wrapper.obj
 0001:00009f50       ??_E?$numpunct@D@std@@MEAAPEAXI@Z 000000018000af50 f i * CIL library *:* CIL module *
 0001:00009f50       ??_G?$numpunct@D@std@@MEAAPEAXI@Z 000000018000af50 f i wrapper.obj
 0001:00009fb0       ?_Xran@?$_String_val@U?$_Simple_types@D@std@@@std@@SAXXZ 000000018000afb0 f i wrapper.obj
 0001:00009fd0       ??$use_facet@V?$ctype@D@std@@@std@@YAAEBV?$ctype@D@0@AEBVlocale@0@@Z 000000018000afd0 f i wrapper.obj
 0001:0000a1d0       ??$Unwrap@VFISHSpace@fishspace@@@ObjectWrap@Nan@@SAPEAVFISHSpace@fishspace@@V?$Local@VObject@v8@@@v8@@@Z 000000018000b1d0 f i wrapper.obj
 0001:0000a260       ??$?6U?$char_traits@D@std@@@std@@YAAEAV?$basic_ostream@DU?$char_traits@D@std@@@0@AEAV10@PEBD@Z 000000018000b260 f i wrapper.obj
 0001:0000a4a0       ??$endl@DU?$char_traits@D@std@@@std@@YAAEAV?$basic_ostream@DU?$char_traits@D@std@@@0@AEAV10@@Z 000000018000b4a0 f i wrapper.obj
 0001:0000a540       ??$copy@V?$_Deque_const_iterator@V?$_Deque_val@U?$_Deque_simple_types@V?$vector@V?$vector@NV?$allocator@N@std@@@std@@V?$allocator@V?$vector@NV?$allocator@N@std@@@std@@@2@@std@@@std@@@std@@@std@@V?$_Deque_iterator@V?$_Deque_val@U?$_Deque_simple_types@V?$vector@V?$vector@NV?$allocator@N@std@@@std@@V?$allocator@V?$vector@NV?$allocator@N@std@@@std@@@2@@std@@@std@@@std@@@2@@std@@YA?AV?$_Deque_iterator@V?$_Deque_val@U?$_Deque_simple_types@V?$vector@V?$vector@NV?$allocator@N@std@@@std@@V?$allocator@V?$vector@NV?$allocator@N@std@@@std@@@2@@std@@@std@@@std@@@0@V?$_Deque_const_iterator@V?$_Deque_val@U?$_Deque_simple_types@V?$vector@V?$vector@NV?$allocator@N@std@@@std@@V?$allocator@V?$vector@NV?$allocator@N@std@@@std@@@2@@std@@@std@@@std@@@0@0V10@@Z 000000018000b540 f i wrapper.obj
 0001:0000a650       ??$insert@V?$_Deque_const_iterator@V?$_Deque_val@U?$_Deque_simple_types@V?$vector@V?$vector@NV?$allocator@N@std@@@std@@V?$allocator@V?$vector@NV?$allocator@N@std@@@std@@@2@@std@@@std@@@std@@@std@@X@?$deque@V?$vector@V?$vector@NV?$allocator@N@std@@@std@@V?$allocator@V?$vector@NV?$allocator@N@std@@@std@@@2@@std@@V?$allocator@V?$vector@V?$vector@NV?$allocator@N@std@@@std@@V?$allocator@V?$vector@NV?$allocator@N@std@@@std@@@2@@std@@@2@@std@@QEAA?AV?$_Deque_iterator@V?$_Deque_val@U?$_Deque_simple_types@V?$vector@V?$vector@NV?$allocator@N@std@@@std@@V?$allocator@V?$vector@NV?$allocator@N@std@@@std@@@2@@std@@@std@@@std@@@1@V?$_Deque_const_iterator@V?$_Deque_val@U?$_Deque_simple_types@V?$vector@V?$vector@NV?$allocator@N@std@@@std@@V?$allocator@V?$vector@NV?$allocator@N@std@@@std@@@2@@std@@@std@@@std@@@1@00@Z 000000018000b650 f i wrapper.obj
 0001:0000aa90       ??$_Emplace_reallocate@AEBQEAVGenericFisher@fishing@@@?$vector@PEAVGenericFisher@fishing@@V?$allocator@PEAVGenericFisher@fishing@@@std@@@std@@QEAAPEAPEAVGenericFisher@fishing@@QEAPEAV23@AEBQEAV23@@Z 000000018000ba90 f i wrapper.obj
 0001:0000ac30       ??$_Emplace_reallocate@AEBUConnectivityMetadata@fishspace@@@?$vector@UConnectivityMetadata@fishspace@@V?$allocator@UConnectivityMetadata@fishspace@@@std@@@std@@QEAAPEAUConnectivityMetadata@fishspace@@QEAU23@AEBU23@@Z 000000018000bc30 f i wrapper.obj
 0001:0000ae40       ??$_Emplace_reallocate@AEBV?$vector@NV?$allocator@N@std@@@std@@@?$vector@V?$vector@NV?$allocator@N@std@@@std@@V?$allocator@V?$vector@NV?$allocator@N@std@@@std@@@2@@std@@QEAAPEAV?$vector@NV?$allocator@N@std@@@1@QEAV21@AEBV21@@Z 000000018000be40 f i wrapper.obj
 0001:0000b190       ??$_Ucopy@PEAV?$vector@NV?$allocator@N@std@@@std@@@?$vector@V?$vector@NV?$allocator@N@std@@@std@@V?$allocator@V?$vector@NV?$allocator@N@std@@@std@@@2@@std@@AEAAPEAV?$vector@NV?$allocator@N@std@@@1@PEAV21@00@Z 000000018000c190 f i wrapper.obj
 0001:0000b260       ??$_Emplace_reallocate@AEBN@?$vector@NV?$allocator@N@std@@@std@@QEAAPEANQEANAEBN@Z 000000018000c260 f i wrapper.obj
 0001:0000b260       ??$_Emplace_reallocate@N@?$vector@NV?$allocator@N@std@@@std@@QEAAPEANQEAN$$QEAN@Z 000000018000c260 f i fishing_agent.obj
 0001:0000b3c0       ??$construct@V?$vector@HV?$allocator@H@std@@@std@@AEBV12@@?$_Default_allocator_traits@V?$allocator@V?$vector@HV?$allocator@H@std@@@std@@@std@@@std@@SAXAEAV?$allocator@V?$vector@HV?$allocator@H@std@@@std@@@1@QEAV?$vector@HV?$allocator@H@std@@@1@AEBV31@@Z 000000018000c3c0 f i wrapper.obj
 0001:0000b430       ??$_Emplace_reallocate@AEBV?$vector@HV?$allocator@H@std@@@std@@@?$vector@V?$vector@HV?$allocator@H@std@@@std@@V?$allocator@V?$vector@HV?$allocator@H@std@@@std@@@2@@std@@QEAAPEAV?$vector@HV?$allocator@H@std@@@1@QEAV21@AEBV21@@Z 000000018000c430 f i wrapper.obj
 0001:0000b690       ??$_Ucopy@PEAV?$vector@HV?$allocator@H@std@@@std@@@?$vector@V?$vector@HV?$allocator@H@std@@@std@@V?$allocator@V?$vector@HV?$allocator@H@std@@@std@@@2@@std@@AEAAPEAV?$vector@HV?$allocator@H@std@@@1@PEAV21@00@Z 000000018000c690 f i wrapper.obj
 0001:0000b760       ??$_Emplace_reallocate@AEBH@?$vector@HV?$allocator@H@std@@@std@@QEAAPEAHQEAHAEBH@Z 000000018000c760 f i wrapper.obj
 0001:0000b900       ??$use_facet@V?$codecvt@DDU_Mbstatet@@@std@@@std@@YAAEBV?$codecvt@DDU_Mbstatet@@@0@AEBVlocale@0@@Z 000000018000c900 f i wrapper.obj
 0001:0000bae0       ??$use_facet@V?$num_put@DV?$ostreambuf_iterator@DU?$char_traits@D@std@@@std@@@std@@@std@@YAAEBV?$num_put@DV?$ostreambuf_iterator@DU?$char_traits@D@std@@@std@@@0@AEBVlocale@0@@Z 000000018000cae0 f i wrapper.obj
 0001:0000bcc0       ??$use_facet@V?$numpunct@D@std@@@std@@YAAEBV?$numpunct@D@0@AEBVlocale@0@@Z 000000018000ccc0 f i wrapper.obj
 0001:0000bdd0       ??$_Reallocate_grow_by@V<lambda_e1befb086ad3257e3f042a63030725f7>@@_KD@?$basic_string@DU?$char_traits@D@std@@V?$allocator@D@2@@std@@QEAAAEAV01@_KV<lambda_e1befb086ad3257e3f042a63030725f7>@@_KD@Z 000000018000cdd0 f i wrapper.obj
 0001:0000bf50       ??$_Reallocate_grow_by@V<lambda_65e615be2a453ca0576c979606f46740>@@PEBD_K@?$basic_string@DU?$char_traits@D@std@@V?$allocator@D@2@@std@@QEAAAEAV01@_KV<lambda_65e615be2a453ca0576c979606f46740>@@PEBD_K@Z 000000018000cf50 f i wrapper.obj
 0001:0000c0d0       ??$_Destroy_range@V?$allocator@V?$vector@NV?$allocator@N@std@@@std@@@std@@@std@@YAXPEAV?$vector@NV?$allocator@N@std@@@0@0AEAV?$allocator@V?$vector@NV?$allocator@N@std@@@std@@@0@@Z 000000018000d0d0 f i wrapper.obj
 0001:0000c160       ??$_Destroy_range@V?$allocator@V?$vector@HV?$allocator@H@std@@@std@@@std@@@std@@YAXPEAV?$vector@HV?$allocator@H@std@@@0@0AEAV?$allocator@V?$vector@HV?$allocator@H@std@@@std@@@0@@Z 000000018000d160 f i wrapper.obj
 0001:0000c1f0       ??$_Reallocate_grow_by@V<lambda_b986da8d428e4af07c64af60eec09b61>@@_K_KD@?$basic_string@DU?$char_traits@D@std@@V?$allocator@D@2@@std@@QEAAAEAV01@_KV<lambda_b986da8d428e4af07c64af60eec09b61>@@_K2D@Z 000000018000d1f0 f i wrapper.obj
 0001:0000c3a0       ?_Getcat@?$numpunct@D@std@@SA_KPEAPEBVfacet@locale@2@PEBV42@@Z 000000018000d3a0 f i wrapper.obj
 0001:0000c590       ?push_back@?$deque@V?$vector@V?$vector@NV?$allocator@N@std@@@std@@V?$allocator@V?$vector@NV?$allocator@N@std@@@std@@@2@@std@@V?$allocator@V?$vector@V?$vector@NV?$allocator@N@std@@@std@@V?$allocator@V?$vector@NV?$allocator@N@std@@@std@@@2@@std@@@2@@std@@QEAAXAEBV?$vector@V?$vector@NV?$allocator@N@std@@@std@@V?$allocator@V?$vector@NV?$allocator@N@std@@@std@@@2@@2@@Z 000000018000d590 f i wrapper.obj
 0001:0000c670       ?_Change_array@?$vector@NV?$allocator@N@std@@@std@@AEAAXQEAN_K1@Z 000000018000d670 f i wrapper.obj
 0001:0000c700       ?_Umove@?$vector@V?$vector@HV?$allocator@H@std@@@std@@V?$allocator@V?$vector@HV?$allocator@H@std@@@std@@@2@@std@@AEAAPEAV?$vector@HV?$allocator@H@std@@@2@PEAV32@00@Z 000000018000d700 f i wrapper.obj
 0001:0000c780       ?_Xlen@?$basic_string@DU?$char_traits@D@std@@V?$allocator@D@2@@std@@SAXXZ 000000018000d780 f i wrapper.obj
 0001:0000c7a0       ?put@?$basic_ostream@DU?$char_traits@D@std@@@std@@QEAAAEAV12@D@Z 000000018000d7a0 f i wrapper.obj
 0001:0000c8e0       ?_Growmap@?$deque@V?$vector@V?$vector@NV?$allocator@N@std@@@std@@V?$allocator@V?$vector@NV?$allocator@N@std@@@std@@@2@@std@@V?$allocator@V?$vector@V?$vector@NV?$allocator@N@std@@@std@@V?$allocator@V?$vector@NV?$allocator@N@std@@@std@@@2@@std@@@2@@std@@IEAAX_K@Z 000000018000d8e0 f i wrapper.obj
 0001:0000cac0       ?_Buy@?$vector@HV?$allocator@H@std@@@std@@AEAA_N_K@Z 000000018000dac0 f i wrapper.obj
 0001:0000cb70       ?_Xlen@?$deque@V?$vector@V?$vector@NV?$allocator@N@std@@@std@@V?$allocator@V?$vector@NV?$allocator@N@std@@@std@@@2@@std@@V?$allocator@V?$vector@V?$vector@NV?$allocator@N@std@@@std@@V?$allocator@V?$vector@NV?$allocator@N@std@@@std@@@2@@std@@@2@@std@@IEBAXXZ 000000018000db70 f i wrapper.obj
 0001:0000cb90       ??$_Immortalize_impl@V_Iostream_error_category@std@@@std@@YAHPEAX0PEAPEAX@Z 000000018000db90 f i wrapper.obj
 0001:0000cbb0       ??$_Insert_string@DU?$char_traits@D@std@@_K@std@@YAAEAV?$basic_ostream@DU?$char_traits@D@std@@@0@AEAV10@QEBD_K@Z 000000018000dbb0 f i wrapper.obj
 0001:0000cde0       ??$rotate@V?$_Deque_iterator@V?$_Deque_val@U?$_Deque_simple_types@V?$vector@V?$vector@NV?$allocator@N@std@@@std@@V?$allocator@V?$vector@NV?$allocator@N@std@@@std@@@2@@std@@@std@@@std@@@std@@@std@@YA?AV?$_Deque_iterator@V?$_Deque_val@U?$_Deque_simple_types@V?$vector@V?$vector@NV?$allocator@N@std@@@std@@V?$allocator@V?$vector@NV?$allocator@N@std@@@std@@@2@@std@@@std@@@std@@@0@V10@00@Z 000000018000dde0 f i wrapper.obj
 0001:0000cee0       ??$_Assign_range@PEAPEAVGenericFisher@fishing@@@?$vector@PEAVGenericFisher@fishing@@V?$allocator@PEAVGenericFisher@fishing@@@std@@@std@@AEAAXPEAPEAVGenericFisher@fishing@@0Uforward_iterator_tag@1@@Z 000000018000dee0 f i wrapper.obj
 0001:0000d0a0       ??$_Assign_range@PEAUConnectivityMetadata@fishspace@@@?$vector@UConnectivityMetadata@fishspace@@V?$allocator@UConnectivityMetadata@fishspace@@@std@@@std@@AEAAXPEAUConnectivityMetadata@fishspace@@0Uforward_iterator_tag@1@@Z 000000018000e0a0 f i wrapper.obj
 0001:0000d240       ??$_Assign_range@PEAV?$vector@NV?$allocator@N@std@@@std@@@?$vector@V?$vector@NV?$allocator@N@std@@@std@@V?$allocator@V?$vector@NV?$allocator@N@std@@@std@@@2@@std@@AEAAXPEAV?$vector@NV?$allocator@N@std@@@1@0Uforward_iterator_tag@1@@Z 000000018000e240 f i wrapper.obj
 0001:0000d410       ??$_Assign_range@PEAV?$vector@HV?$allocator@H@std@@@std@@@?$vector@V?$vector@HV?$allocator@H@std@@@std@@V?$allocator@V?$vector@HV?$allocator@H@std@@@std@@@2@@std@@AEAAXPEAV?$vector@HV?$allocator@H@std@@@1@0Uforward_iterator_tag@1@@Z 000000018000e410 f i wrapper.obj
 0001:0000d5e0       ??$_Rotate_unchecked1@V?$_Deque_unchecked_iterator@V?$_Deque_val@U?$_Deque_simple_types@V?$vector@V?$vector@NV?$allocator@N@std@@@std@@V?$allocator@V?$vector@NV?$allocator@N@std@@@std@@@2@@std@@@std@@@std@@@std@@@std@@YA?AV?$_Deque_unchecked_iterator@V?$_Deque_val@U?$_Deque_simple_types@V?$vector@V?$vector@NV?$allocator@N@std@@@std@@V?$allocator@V?$vector@NV?$allocator@N@std@@@std@@@2@@std@@@std@@@std@@@0@V10@00Urandom_access_iterator_tag@0@@Z 000000018000e5e0 f i wrapper.obj
 0001:0000d820       ??4?$vector@NV?$allocator@N@std@@@std@@QEAAAEAV01@AEBV01@@Z 000000018000e820 f i wrapper.obj
 0001:0000d980       ??4?$vector@HV?$allocator@H@std@@@std@@QEAAAEAV01@AEBV01@@Z 000000018000e980 f i wrapper.obj
 0001:0000dad4       ??_E?$basic_ostream@DU?$char_traits@D@std@@@std@@$4PPPPPPPM@A@EAAPEAXI@Z 000000018000ead4 f i wrapper.obj
 0001:0000dae0       ??_E?$basic_ofstream@DU?$char_traits@D@std@@@std@@$4PPPPPPPM@A@EAAPEAXI@Z 000000018000eae0 f i wrapper.obj
 0001:0000daf0       ?InitAll@fishspace@@YAXV?$Local@VObject@v8@@@v8@@@Z 000000018000eaf0 f   fishspace.obj
 0001:0000dc70       ??0FISHSpaceModel@fishspace@@QEAA@XZ 000000018000ec70 f   model.obj
 0001:0000de70       ??1FISHSpaceModel@fishspace@@QEAA@XZ 000000018000ee70 f   model.obj
 0001:0000e0a0       ?initialize_parameters@FISHSpaceModel@fishspace@@QEAAXUModelInput@2@@Z 000000018000f0a0 f   model.obj
 0001:0000edb0       ?solve_biomass@FISHSpaceModel@fishspace@@QEAAXXZ 000000018000fdb0 f   model.obj
 0001:0000f220       ?solve_connectivity@FISHSpaceModel@fishspace@@AEAA?AV?$vector@V?$vector@NV?$allocator@N@std@@@std@@V?$allocator@V?$vector@NV?$allocator@N@std@@@std@@@2@@std@@XZ 0000000180010220 f   model.obj
 0001:0000f800       ?solve_connectivity2@FISHSpaceModel@fishspace@@AEAA?AV?$vector@V?$vector@NV?$allocator@N@std@@@std@@V?$allocator@V?$vector@NV?$allocator@N@std@@@std@@@2@@std@@XZ 0000000180010800 f   model.obj
 0001:0000fe00       ?solve_spillover_discreet@FISHSpaceModel@fishspace@@AEAA?AV?$vector@V?$vector@NV?$allocator@N@std@@@std@@V?$allocator@V?$vector@NV?$allocator@N@std@@@std@@@2@@std@@V34@NN@Z 0000000180010e00 f   model.obj
 0001:000108e0       ?saveToFile@FISHSpaceModel@fishspace@@QEAAXV?$vector@V?$vector@NV?$allocator@N@std@@@std@@V?$allocator@V?$vector@NV?$allocator@N@std@@@std@@@2@@std@@V?$basic_string@DU?$char_traits@D@std@@V?$allocator@D@2@@4@@Z 00000001800118e0 f   model.obj
 0001:00010b30       ?saveToFile@FISHSpaceModel@fishspace@@QEAAXV?$vector@V?$vector@HV?$allocator@H@std@@@std@@V?$allocator@V?$vector@HV?$allocator@H@std@@@std@@@2@@std@@V?$basic_string@DU?$char_traits@D@std@@V?$allocator@D@2@@4@@Z 0000000180011b30 f   model.obj
 0001:00010d80       ?saveToFile@FISHSpaceModel@fishspace@@QEAAXV?$vector@UConnectivityMetadata@fishspace@@V?$allocator@UConnectivityMetadata@fishspace@@@std@@@std@@V?$basic_string@DU?$char_traits@D@std@@V?$allocator@D@2@@4@@Z 0000000180011d80 f   model.obj
 0001:00010f70       ?saveToFile@FISHSpaceModel@fishspace@@QEAAXV?$vector@NV?$allocator@N@std@@@std@@V?$basic_string@DU?$char_traits@D@std@@V?$allocator@D@2@@4@@Z 0000000180011f70 f   model.obj
 0001:00011140       ?saveToFile@FISHSpaceModel@fishspace@@QEAAXV?$vector@V?$vector@V?$vector@HV?$allocator@H@std@@@std@@V?$allocator@V?$vector@HV?$allocator@H@std@@@std@@@2@@std@@V?$allocator@V?$vector@V?$vector@HV?$allocator@H@std@@@std@@V?$allocator@V?$vector@HV?$allocator@H@std@@@std@@@2@@std@@@2@@std@@V?$basic_string@DU?$char_traits@D@std@@V?$allocator@D@2@@4@@Z 0000000180012140 f   model.obj
 0001:00011460       ?fish_out@RandomWalkFisher@fishing@@UEAAXAEAV?$vector@V?$vector@NV?$allocator@N@std@@@std@@V?$allocator@V?$vector@NV?$allocator@N@std@@@std@@@2@@std@@0@Z 0000000180012460 f   fishing_agent.obj
 0001:00011c80       ?fish_out@EqualFisher@fishing@@UEAAXAEAV?$vector@V?$vector@NV?$allocator@N@std@@@std@@V?$allocator@V?$vector@NV?$allocator@N@std@@@std@@@2@@std@@0@Z 0000000180012c80 f   fishing_agent.obj
 0001:000121d0       ?fish_out@ClosestFisher@fishing@@UEAAXAEAV?$vector@V?$vector@NV?$allocator@N@std@@@std@@V?$allocator@V?$vector@NV?$allocator@N@std@@@std@@@2@@std@@0@Z 00000001800131d0 f   fishing_agent.obj
 0001:00012cf0       ?_Init@param_type@?$discrete_distribution@H@std@@QEAAX_N@Z 0000000180013cf0 f i fishing_agent.obj
 0001:00013010       ??$_Fill_unchecked@PEANN@std@@YAXPEAN0AEBN@Z 0000000180014010 f i fishing_agent.obj
 0001:000130c0       ??R?$mersenne_twister@I$0CA@$0CHA@$0BIN@$0BP@$0JJAILANP@$0L@$06$0JNCMFGIA@$0P@$0OPMGAAAA@$0BC@@std@@QEAAIXZ 00000001800140c0 f i fishing_agent.obj
 0001:00013260       ?get_current_state@FISHSpaceModel@fishspace@@QEAA?AUModelOutput@2@XZ 0000000180014260 f   generator.obj
 0001:000139c0       ??0ModelOutput@fishspace@@QEAA@$$QEAU01@@Z 00000001800149c0 f i generator.obj
 0001:00013b50       ??$_Emplace_reallocate@AEBV?$vector@V?$vector@HV?$allocator@H@std@@@std@@V?$allocator@V?$vector@HV?$allocator@H@std@@@std@@@2@@std@@@?$vector@V?$vector@V?$vector@HV?$allocator@H@std@@@std@@V?$allocator@V?$vector@HV?$allocator@H@std@@@std@@@2@@std@@V?$allocator@V?$vector@V?$vector@HV?$allocator@H@std@@@std@@V?$allocator@V?$vector@HV?$allocator@H@std@@@std@@@2@@std@@@2@@std@@QEAAPEAV?$vector@V?$vector@HV?$allocator@H@std@@@std@@V?$allocator@V?$vector@HV?$allocator@H@std@@@std@@@2@@1@QEAV21@AEBV21@@Z 0000000180014b50 f i generator.obj
 0001:00013e90       __security_check_cookie    0000000180014e90 f   LIBCMT:amdsecgs.obj
 0001:00013eb4       ??_V@YAXPEAX@Z             0000000180014eb4 f   LIBCMT:delete_array.obj
 0001:00013eb4       ??3@YAXPEAX_K@Z            0000000180014eb4 f   LIBCMT:delete_scalar_size.obj
 0001:00013ebc       ??2@YAPEAX_K@Z             0000000180014ebc f   LIBCMT:new_scalar.obj
 0001:00013ef8       __scrt_acquire_startup_lock 0000000180014ef8 f   LIBCMT:utility.obj
 0001:00013f34       __scrt_dllmain_after_initialize_c 0000000180014f34 f   LIBCMT:utility.obj
 0001:00013f68       __scrt_dllmain_before_initialize_c 0000000180014f68 f   LIBCMT:utility.obj
 0001:00013f80       __scrt_dllmain_crt_thread_attach 0000000180014f80 f   LIBCMT:utility.obj
 0001:00013fa8       __scrt_dllmain_crt_thread_detach 0000000180014fa8 f   LIBCMT:utility.obj
 0001:00013fc0       __scrt_dllmain_exception_filter 0000000180014fc0 f   LIBCMT:utility.obj
 0001:00014020       __scrt_dllmain_uninitialize_c 0000000180015020 f   LIBCMT:utility.obj
 0001:00014050       __scrt_dllmain_uninitialize_critical 0000000180015050 f   LIBCMT:utility.obj
 0001:00014064       __scrt_initialize_crt      0000000180015064 f   LIBCMT:utility.obj
 0001:000140b0       __scrt_initialize_onexit_tables 00000001800150b0 f   LIBCMT:utility.obj
 0001:00014188       __scrt_is_nonwritable_in_current_image 0000000180015188 f   LIBCMT:utility.obj
 0001:00014224       __scrt_release_startup_lock 0000000180015224 f   LIBCMT:utility.obj
 0001:00014248       __scrt_uninitialize_crt    0000000180015248 f   LIBCMT:utility.obj
 0001:00014274       _onexit                    0000000180015274 f   LIBCMT:utility.obj
 0001:000142c4       atexit                     00000001800152c4 f   LIBCMT:utility.obj
 0001:0001460c       _DllMainCRTStartup         000000018001560c f   LIBCMT:dll_dllmain.obj
 0001:0001464c       __raise_securityfailure    000000018001564c f   LIBCMT:gs_report.obj
 0001:00014680       __report_gsfailure         0000000180015680 f   LIBCMT:gs_report.obj
 0001:00014754       __report_rangecheckfailure 0000000180015754 f   LIBCMT:gs_report.obj
 0001:00014768       __report_securityfailure   0000000180015768 f   LIBCMT:gs_report.obj
 0001:000148e8       ??3@YAXPEAX@Z              00000001800158e8 f   LIBCMT:delete_scalar.obj
 0001:000148f0       ??0bad_alloc@std@@QEAA@AEBV01@@Z 00000001800158f0 f i LIBCMT:throw_bad_alloc.obj
 0001:00014930       ??0bad_alloc@std@@QEAA@XZ  0000000180015930 f i LIBCMT:throw_bad_alloc.obj
 0001:00014950       ??0bad_array_new_length@std@@QEAA@AEBV01@@Z 0000000180015950 f i LIBCMT:throw_bad_alloc.obj
 0001:00014990       ??0bad_array_new_length@std@@QEAA@XZ 0000000180015990 f i LIBCMT:throw_bad_alloc.obj
 0001:000149b0       ??0exception@std@@QEAA@AEBV01@@Z 00000001800159b0 f i LIBCMT:throw_bad_alloc.obj
 0001:000149e8       ??1bad_exception@std@@UEAA@XZ 00000001800159e8 f i libvcruntime:frame.obj
 0001:000149e8       ??1bad_array_new_length@std@@UEAA@XZ 00000001800159e8 f i LIBCMT:throw_bad_alloc.obj
 0001:000149e8       ??1length_error@std@@UEAA@XZ 00000001800159e8 f i libcpmt:xthrow.obj
 0001:000149e8       ??1out_of_range@std@@UEAA@XZ 00000001800159e8 f i libcpmt:xthrow.obj
 0001:000149e8       ??1bad_alloc@std@@UEAA@XZ  00000001800159e8 f i LIBCMT:throw_bad_alloc.obj
 0001:000149fc       ??_Gbad_exception@std@@UEAAPEAXI@Z 00000001800159fc f i libvcruntime:frame.obj
 0001:000149fc       ??_Ebad_array_new_length@std@@UEAAPEAXI@Z 00000001800159fc f i LIBCMT:throw_bad_alloc.obj
 0001:000149fc       ??_Gbad_alloc@std@@UEAAPEAXI@Z 00000001800159fc f i LIBCMT:throw_bad_alloc.obj
 0001:000149fc       ??_Elogic_error@std@@UEAAPEAXI@Z 00000001800159fc f i libcpmt:xthrow.obj
 0001:000149fc       ??_Eexception@std@@UEAAPEAXI@Z 00000001800159fc f i LIBCMT:throw_bad_alloc.obj
 0001:000149fc       ??_Glength_error@std@@UEAAPEAXI@Z 00000001800159fc f i libcpmt:xthrow.obj
 0001:000149fc       ??_Gbad_array_new_length@std@@UEAAPEAXI@Z 00000001800159fc f i LIBCMT:throw_bad_alloc.obj
 0001:000149fc       ??_Elength_error@std@@UEAAPEAXI@Z 00000001800159fc f i libcpmt:xthrow.obj
 0001:000149fc       ??_Ebad_exception@std@@UEAAPEAXI@Z 00000001800159fc f i libvcruntime:frame.obj
 0001:000149fc       ??_Eout_of_range@std@@UEAAPEAXI@Z 00000001800159fc f i libcpmt:xthrow.obj
 0001:000149fc       ??_Gexception@std@@UEAAPEAXI@Z 00000001800159fc f i LIBCMT:throw_bad_alloc.obj
 0001:000149fc       ??_Gout_of_range@std@@UEAAPEAXI@Z 00000001800159fc f i libcpmt:xthrow.obj
 0001:000149fc       ??_Glogic_error@std@@UEAAPEAXI@Z 00000001800159fc f i libcpmt:xthrow.obj
 0001:000149fc       ??_Ebad_alloc@std@@UEAAPEAXI@Z 00000001800159fc f i LIBCMT:throw_bad_alloc.obj
 0001:00014a40       ?_Xbad_alloc@std@@YAXXZ    0000000180015a40 f   libcpmt:xthrow.obj
 0001:00014a40       ?__scrt_throw_std_bad_alloc@@YAXXZ 0000000180015a40 f   LIBCMT:throw_bad_alloc.obj
 0001:00014a60       ?__scrt_throw_std_bad_array_new_length@@YAXXZ 0000000180015a60 f   LIBCMT:throw_bad_alloc.obj
 0001:00014a80       ?what@exception@std@@UEBAPEBDXZ 0000000180015a80 f i LIBCMT:throw_bad_alloc.obj
 0001:00014a94       __isa_available_init       0000000180015a94 f   LIBCMT:cpu_disp.obj
 0001:00014c10       __scrt_is_ucrt_dll_in_use  0000000180015c10 f   LIBCMT:ucrt_detection.obj
 0001:00014c1c       __crt_debugger_hook        0000000180015c1c f   LIBCMT:utility_desktop.obj
 0001:00014c24       __scrt_fastfail            0000000180015c24 f   LIBCMT:utility_desktop.obj
 0001:00014d70       __security_init_cookie     0000000180015d70 f   LIBCMT:gs_support.obj
 0001:00014e1c       ?__scrt_initialize_type_info@@YAXXZ 0000000180015e1c f   LIBCMT:tncleanup.obj
 0001:00014e2c       ?__scrt_uninitialize_type_info@@YAXXZ 0000000180015e2c f   LIBCMT:tncleanup.obj
 0001:00014e38       __local_stdio_scanf_options 0000000180015e38 f i LIBCMT:default_local_stdio_options.obj
 0001:00014e40       __scrt_initialize_default_local_stdio_options 0000000180015e40 f   LIBCMT:default_local_stdio_options.obj
 0001:00014e5c       __scrt_get_dyn_tls_init_callback 0000000180015e5c f   LIBCMT:dyn_tls_init.obj
 0001:00014e64       _RTC_Initialize            0000000180015e64 f   LIBCMT:initsect.obj
 0001:00014ea0       _RTC_Terminate             0000000180015ea0 f   LIBCMT:initsect.obj
 0001:00014edc       ??_Gtype_info@@UEAAPEAXI@Z 0000000180015edc f i LIBCMT:std_type_info_static.obj
 0001:00014edc       ??_Etype_info@@UEAAPEAXI@Z 0000000180015edc f i LIBCMT:std_type_info_static.obj
 0001:00014f10       ??0_Init_locks@std@@QEAA@XZ 0000000180015f10 f   libcpmt:xlock.obj
 0001:00014f5c       ??0_Lockit@std@@QEAA@H@Z   0000000180015f5c f   libcpmt:xlock.obj
 0001:00014f98       ??1_Init_locks@std@@QEAA@XZ 0000000180015f98 f   libcpmt:xlock.obj
 0001:00014fdc       ??1_Lockit@std@@QEAA@XZ    0000000180015fdc f   libcpmt:xlock.obj
 0001:00015010       ?_Execute_once@std@@YAHAEAUonce_flag@1@P6AHPEAX1PEAPEAX@Z1@Z 0000000180016010 f   libcpmt:xonce.obj
 0001:00015018       ??1_Fac_tidy_reg_t@std@@QEAA@XZ 0000000180016018 f i libcpmt:locale0.obj
 0001:00015080       ??4?$_Yarn@D@std@@QEAAAEAV01@PEBD@Z 0000000180016080 f i libcpmt:locale0.obj
 0001:000150f8       ??_E_Locimp@locale@std@@MEAAPEAXI@Z 00000001800160f8 f i libcpmt:locale0.obj
 0001:000150f8       ??_G_Locimp@locale@std@@MEAAPEAXI@Z 00000001800160f8 f i libcpmt:locale0.obj
 0001:00015164       ?_Facet_Register@std@@YAXPEAV_Facet_base@1@@Z 0000000180016164 f   libcpmt:locale0.obj
 0001:0001519c       ?_Getgloballocale@locale@std@@CAPEAV_Locimp@12@XZ 000000018001619c f   libcpmt:locale0.obj
 0001:000151a4       ?_Init@locale@std@@CAPEAV_Locimp@12@_N@Z 00000001800161a4 f   libcpmt:locale0.obj
 0001:00015250       ?_Locimp_dtor@_Locimp@locale@std@@CAXPEAV123@@Z 0000000180016250 f   libcpmt:locale0.obj
 0001:000152d8       ?_Locinfo_ctor@_Locinfo@std@@SAXPEAV12@PEBD@Z 00000001800162d8 f   libcpmt:locale0.obj
 0001:00015344       ?_Locinfo_dtor@_Locinfo@std@@SAXPEAV12@@Z 0000000180016344 f   libcpmt:locale0.obj
 0001:00015360       ?_New_Locimp@_Locimp@locale@std@@CAPEAV123@_N@Z 0000000180016360 f   libcpmt:locale0.obj
 0001:000153d0       ?_Setgloballocale@locale@std@@CAXPEAX@Z 00000001800163d0 f   libcpmt:locale0.obj
 0001:00015404       _Deletegloballocale        0000000180016404 f   libcpmt:locale0.obj
 0001:00015474       ??0length_error@std@@QEAA@AEBV01@@Z 0000000180016474 f i libcpmt:xthrow.obj
 0001:000154b4       ??0length_error@std@@QEAA@PEBD@Z 00000001800164b4 f i libcpmt:xthrow.obj
 0001:00015500       ??0logic_error@std@@QEAA@AEBV01@@Z 0000000180016500 f i libcpmt:xthrow.obj
 0001:00015540       ??0out_of_range@std@@QEAA@AEBV01@@Z 0000000180016540 f i libcpmt:xthrow.obj
 0001:00015580       ??0out_of_range@std@@QEAA@PEBD@Z 0000000180016580 f i libcpmt:xthrow.obj
 0001:000155cc       ?_Xlength_error@std@@YAXPEBD@Z 00000001800165cc f   libcpmt:xthrow.obj
 0001:000155f0       ?_Xout_of_range@std@@YAXPEBD@Z 00000001800165f0 f   libcpmt:xthrow.obj
 0001:00015614       ?_Addstd@ios_base@std@@SAXPEAV12@@Z 0000000180016614 f   libcpmt:ios.obj
 0001:0001568c       ?_Ios_base_dtor@ios_base@std@@CAXPEAV12@@Z 000000018001668c f   libcpmt:ios.obj
 0001:0001570c       ?_Tidy@ios_base@std@@AEAAXXZ 000000018001670c f i libcpmt:ios.obj
 0001:0001578c       ??$_Xfiopen@D@std@@YAPEAU_iobuf@@PEBDHH@Z 000000018001678c f i libcpmt:fiopen.obj
 0001:00015894       ?_Fiopen@std@@YAPEAU_iobuf@@PEBDHH@Z 0000000180016894 f   libcpmt:fiopen.obj
 0001:0001589c       ?_Syserror_map@std@@YAPEBDH@Z 000000018001689c f   libcpmt:syserror.obj
 0001:000158c4       _Getctype                  00000001800168c4 f   libcpmt:_tolower.obj
 0001:0001598c       _Tolower                   000000018001698c f   libcpmt:_tolower.obj
 0001:00015abc       _Getcvt                    0000000180016abc f   libcpmt:xwctomb.obj
 0001:00015b4c       _Toupper                   0000000180016b4c f   libcpmt:_toupper.obj
 0001:00015c8c       ??0_Init_cout@std@@QEAA@XZ 0000000180016c8c f i libcpmt:cout.obj
 0001:00015cf8       _Mtxdst                    0000000180016cf8 f   libcpmt:xmtx.obj
 0001:00015d00       _Mtxinit                   0000000180016d00 f   libcpmt:xmtx.obj
 0001:00015d10       _Mtxlock                   0000000180016d10 f   libcpmt:xmtx.obj
 0001:00015d18       _Mtxunlock                 0000000180016d18 f   libcpmt:xmtx.obj
 0001:000161f0       __crtInitOnceExecuteOnce   00000001800171f0 f   libcpmt:winapisupp.obj
 0001:000162bc       __crtInitializeCriticalSectionEx 00000001800172bc f   libcpmt:winapisupp.obj
 0001:000162ec       ?_Atexit@@YAXP6AXXZ@Z      00000001800172ec f   libcpmt:iosptrs.obj
 0001:0001632c       __crtLCMapStringA          000000018001732c f   libcpmt:StlLCMapStringA.obj
 0001:000165e0       GetTableIndexFromLocaleName 00000001800175e0 f   libcpmt:winapinls.obj
 0001:00016670       __crtDownlevelLocaleNameToLCID 0000000180017670 f   libcpmt:winapinls.obj
 0001:000166a4       __crtLCMapStringEx         00000001800176a4 f   libcpmt:winapinls.obj
 0001:00016740       __wcsnicmp_ascii           0000000180017740 f   libcpmt:winapinls.obj
 0001:000167a8       _purecall                  00000001800177a8 f   libvcruntime:purevirt.obj
 0001:000167d8       __vcrt_initialize          00000001800177d8 f   libvcruntime:initialization.obj
 0001:0001680c       __vcrt_thread_attach       000000018001780c f   libvcruntime:initialization.obj
 0001:00016820       __vcrt_thread_detach       0000000180017820 f   libvcruntime:initialization.obj
 0001:00016834       __vcrt_uninitialize        0000000180017834 f   libvcruntime:initialization.obj
 0001:00016854       __vcrt_uninitialize_critical 0000000180017854 f   libvcruntime:initialization.obj
 0001:00016864       __C_specific_handler       0000000180017864 f   libvcruntime:riscchandler.obj
 0001:00016a70       __std_exception_copy       0000000180017a70 f   libvcruntime:std_exception.obj
 0001:00016b00       __std_exception_destroy    0000000180017b00 f   libvcruntime:std_exception.obj
 0001:00016b28       _CxxThrowException         0000000180017b28 f   libvcruntime:throw.obj
 0001:00016c00       memset_repmovs             0000000180017c00 f   libvcruntime:memset.obj
 0001:00016c20       memset                     0000000180017c20 f   libvcruntime:memset.obj
 0001:00016db0       __std_type_info_compare    0000000180017db0 f   libvcruntime:std_type_info.obj
 0001:00016dd8       __std_type_info_destroy_list 0000000180017dd8 f   libvcruntime:std_type_info.obj
 0001:00016e04       ??$_CallSETranslator@V__FrameHandler3@@@@YAHPEAUEHExceptionRecord@@PEA_KPEAU_CONTEXT@@PEAU_xDISPATCHER_CONTEXT@@PEBU_s_FuncInfo@@K1@Z 0000000180017e04 f i libvcruntime:risctrnsctrl.obj
 0001:00016e58       ?CatchTryBlock@__FrameHandler3@@SAPEBU_s_TryBlockMapEntry@@PEBU_s_FuncInfo@@H@Z 0000000180017e58 f   libvcruntime:risctrnsctrl.obj
 0001:00016eb0       ?ExecutionInCatch@__FrameHandler3@@SA_NPEAU_xDISPATCHER_CONTEXT@@PEBU_s_FuncInfo@@@Z 0000000180017eb0 f   libvcruntime:risctrnsctrl.obj
 0001:00016edc       ?FrameUnwindToEmptyState@__FrameHandler3@@SAXPEA_KPEAU_xDISPATCHER_CONTEXT@@PEBU_s_FuncInfo@@@Z 0000000180017edc f   libvcruntime:risctrnsctrl.obj
 0001:00016f40       ?GetEstablisherFrame@__FrameHandler3@@SAPEA_KPEA_KPEAU_xDISPATCHER_CONTEXT@@PEBU_s_FuncInfo@@0@Z 0000000180017f40 f   libvcruntime:risctrnsctrl.obj
 0001:0001700c       ?GetRangeOfTrysToCheck@__FrameHandler3@@SA?AU?$pair@Viterator@TryBlockMap@__FrameHandler3@@V123@@std@@AEAVTryBlockMap@1@HH@Z 000000018001800c f   libvcruntime:risctrnsctrl.obj
 0001:00017168       ?UnwindNestedFrames@__FrameHandler3@@SAXPEA_KPEAUEHExceptionRecord@@PEAU_CONTEXT@@0PEAXPEBU_s_FuncInfo@@HHPEBU_s_HandlerType@@PEAU_xDISPATCHER_CONTEXT@@E@Z 0000000180018168 f   libvcruntime:risctrnsctrl.obj
 0001:0001728c       _CreateFrameInfo           000000018001828c f   libvcruntime:risctrnsctrl.obj
 0001:000172c8       _FindAndUnlinkFrame        00000001800182c8 f   libvcruntime:risctrnsctrl.obj
 0001:0001731c       _GetImageBase              000000018001831c f   libvcruntime:risctrnsctrl.obj
 0001:00017330       _GetThrowImageBase         0000000180018330 f   libvcruntime:risctrnsctrl.obj
 0001:00017344       _SetImageBase              0000000180018344 f   libvcruntime:risctrnsctrl.obj
 0001:0001735c       _SetThrowImageBase         000000018001835c f   libvcruntime:risctrnsctrl.obj
 0001:00017374       __CxxFrameHandler3         0000000180018374 f   libvcruntime:risctrnsctrl.obj
 0001:00017410       memcpy_repmovs             0000000180018410 f   libvcruntime:memcpy.obj
 0001:00017430       memcpy                     0000000180018430 f   libvcruntime:memcpy.obj
 0001:00017430       memmove                    0000000180018430 f   libvcruntime:memcpy.obj
 0001:00017858       __DestructExceptionObject  0000000180018858 f   libvcruntime:ehhelpers.obj
 0001:000178cc       ?_CallMemberFunction0@@YAXQEAX0@Z 00000001800188cc f i libvcruntime:ehhelpers.obj
 0001:000178d0       _IsExceptionObjectToBeDestroyed 00000001800188d0 f   libvcruntime:ehhelpers.obj
 0001:00017900       __AdjustPointer            0000000180018900 f   libvcruntime:ehhelpers.obj
 0001:00017924       __FrameUnwindFilter        0000000180018924 f   libvcruntime:ehhelpers.obj
 0001:00017970       __std_terminate            0000000180018970 f   libvcruntime:ehhelpers.obj
 0001:00017990       memchr                     0000000180018990 f   libvcruntime:memchr.obj
 0001:00017a10       memcmp                     0000000180018a10 f   libvcruntime:memcmp.obj
 0001:00017ad8       __vcrt_initialize_pure_virtual_call_handler 0000000180018ad8 f   libvcruntime:purevirt_data.obj
 0001:00017ae8       __vcrt_freefls             0000000180018ae8 f   libvcruntime:per_thread_data.obj
 0001:00017b08       __vcrt_freeptd             0000000180018b08 f   libvcruntime:per_thread_data.obj
 0001:00017b58       __vcrt_getptd              0000000180018b58 f   libvcruntime:per_thread_data.obj
 0001:00017b74       __vcrt_getptd_noexit       0000000180018b74 f   libvcruntime:per_thread_data.obj
 0001:00017c40       __vcrt_initialize_ptd      0000000180018c40 f   libvcruntime:per_thread_data.obj
 0001:00017c94       __vcrt_uninitialize_ptd    0000000180018c94 f   libvcruntime:per_thread_data.obj
 0001:00017cb8       __vcrt_initialize_locks    0000000180018cb8 f   libvcruntime:locks.obj
 0001:00017d00       __vcrt_uninitialize_locks  0000000180018d00 f   libvcruntime:locks.obj
 0001:00017f10       __vcrt_FlsAlloc            0000000180018f10 f   libvcruntime:winapi_downlevel.obj
 0001:00017f58       __vcrt_FlsFree             0000000180018f58 f   libvcruntime:winapi_downlevel.obj
 0001:00017fa0       __vcrt_FlsGetValue         0000000180018fa0 f   libvcruntime:winapi_downlevel.obj
 0001:00017fe8       __vcrt_FlsSetValue         0000000180018fe8 f   libvcruntime:winapi_downlevel.obj
 0001:0001803c       __vcrt_InitializeCriticalSectionEx 000000018001903c f   libvcruntime:winapi_downlevel.obj
 0001:000180a0       __vcrt_initialize_winapi_thunks 00000001800190a0 f   libvcruntime:winapi_downlevel.obj
 0001:000180d0       __vcrt_uninitialize_winapi_thunks 00000001800190d0 f   libvcruntime:winapi_downlevel.obj
 0001:00018120       _NLG_Notify                0000000180019120 f   libvcruntime:notify.obj
 0001:00018140       __NLG_Dispatch2            0000000180019140 f   libvcruntime:notify.obj
 0001:00018150       __NLG_Return2              0000000180019150 f   libvcruntime:notify.obj
 0001:00018154       __except_validate_context_record 0000000180019154 f   libvcruntime:jbcxrval.obj
 0001:0001818c       ?GetCurrentState@__FrameHandler3@@SAHPEA_KPEAU_xDISPATCHER_CONTEXT@@PEBU_s_FuncInfo@@@Z 000000018001918c f   libvcruntime:ehstate.obj
 0001:000181b4       ?GetUnwindTryBlock@__FrameHandler3@@SAHPEA_KPEAU_xDISPATCHER_CONTEXT@@PEBU_s_FuncInfo@@@Z 00000001800191b4 f   libvcruntime:ehstate.obj
 0001:000181e0       ?SetState@__FrameHandler3@@SAXPEA_KPEBU_s_FuncInfo@@H@Z 00000001800191e0 f   libvcruntime:ehstate.obj
 0001:000181ec       ?SetUnwindTryBlock@__FrameHandler3@@SAXPEA_KPEAU_xDISPATCHER_CONTEXT@@PEBU_s_FuncInfo@@H@Z 00000001800191ec f   libvcruntime:ehstate.obj
 0001:00018228       ?StateFromControlPc@__FrameHandler3@@SAHPEBU_s_FuncInfo@@PEAU_xDISPATCHER_CONTEXT@@@Z 0000000180019228 f   libvcruntime:ehstate.obj
 0001:00018230       ?StateFromIp@__FrameHandler3@@SAHPEBU_s_FuncInfo@@PEAU_xDISPATCHER_CONTEXT@@_K@Z 0000000180019230 f   libvcruntime:ehstate.obj
 0001:00018cbc       ??$TypeMatchHelper@V__FrameHandler3@@@@YAHPEBU_s_HandlerType@@PEBU_s_CatchableType@@PEBU_s_ThrowInfo@@@Z 0000000180019cbc f i libvcruntime:frame.obj
 0001:00018e00       ??$__InternalCxxFrameHandler@V__FrameHandler3@@@@YA?AW4_EXCEPTION_DISPOSITION@@PEAUEHExceptionRecord@@PEA_KPEAU_CONTEXT@@PEAU_xDISPATCHER_CONTEXT@@PEBU_s_FuncInfo@@H1E@Z 0000000180019e00 f i libvcruntime:frame.obj
 0001:00019048       ??0bad_exception@std@@QEAA@AEBV01@@Z 000000018001a048 f i libvcruntime:frame.obj
 0001:00019088       ??0bad_exception@std@@QEAA@XZ 000000018001a088 f i libvcruntime:frame.obj
 0001:000190a8       ?CxxCallCatchBlock@__FrameHandler3@@SAPEAXPEAU_EXCEPTION_RECORD@@@Z 000000018001a0a8 f   libvcruntime:frame.obj
 0001:0001931c       ?FrameUnwindToState@__FrameHandler3@@SAXPEA_KPEAU_xDISPATCHER_CONTEXT@@PEBU_s_FuncInfo@@H@Z 000000018001a31c f   libvcruntime:frame.obj
 0001:000194b0       ?GetHandlerSearchState@__FrameHandler3@@SAHPEA_KPEAU_xDISPATCHER_CONTEXT@@PEBU_s_FuncInfo@@@Z 000000018001a4b0 f i libvcruntime:frame.obj
 0001:000196b4       ?_CallMemberFunction1@@YAXQEAX00@Z 000000018001a6b4 f i libvcruntime:frame.obj
 0001:000196c0       ?_CallMemberFunction2@@YAXQEAX00H@Z 000000018001a6c0 f i libvcruntime:frame.obj
 0001:000196e0       _CallSettingFrame          000000018001a6e0 f   libvcruntime:handlers.obj
 0001:00019730       _CallSettingFrameEncoded   000000018001a730 f   libvcruntime:handlers.obj
 0001:00019778       ??0_LocaleUpdate@@QEAA@QEAU__crt_locale_pointers@@@Z 000000018001a778 f i libucrt:stricmp.obj
 0001:00019814       ??1_LocaleUpdate@@QEAA@XZ  000000018001a814 f i libucrt:stricmp.obj
 0001:00019828       abort                      000000018001a828 f   libucrt:abort.obj
 0001:00019880       _fputc_nolock              000000018001a880 f   libucrt:fputc.obj
 0001:00019898       fputc                      000000018001a898 f   libucrt:fputc.obj
 0001:000199bc       calloc                     000000018001a9bc f   libucrt:calloc.obj
 0001:000199c4       __acrt_call_reportfault    000000018001a9c4 f   libucrt:invalid_parameter.obj
 0001:00019b20       __acrt_initialize_invalid_parameter_handler 000000018001ab20 f   libucrt:invalid_parameter.obj
 0001:00019b28       _invalid_parameter         000000018001ab28 f   libucrt:invalid_parameter.obj
 0001:00019bd8       _invalid_parameter_noinfo  000000018001abd8 f   libucrt:invalid_parameter.obj
 0001:00019bf8       _invalid_parameter_noinfo_noreturn 000000018001abf8 f   libucrt:invalid_parameter.obj
 0001:00019c28       _invoke_watson             000000018001ac28 f   libucrt:invalid_parameter.obj
 0001:00019e8c       __acrt_stdio_flush_nolock  000000018001ae8c f   libucrt:fflush.obj
 0001:00019f08       _fflush_nolock             000000018001af08 f   libucrt:fflush.obj
 0001:00019f54       _flushall                  000000018001af54 f   libucrt:fflush.obj
 0001:00019f5c       fflush                     000000018001af5c f   libucrt:fflush.obj
 0001:00019fc4       _fclose_nolock             000000018001afc4 f   libucrt:fclose.obj
 0001:0001a048       fclose                     000000018001b048 f   libucrt:fclose.obj
 0001:0001a150       strcspn                    000000018001b150 f   libucrt:strcspn.obj
 0001:0001a8f4       ??$ensure_buffer_is_big_enough@D@formatting_buffer@__crt_stdio_output@@QEAA_N_K@Z 000000018001b8f4 f i libucrt:output.obj
 0001:0001a99c       ??$ensure_buffer_is_big_enough@_W@formatting_buffer@__crt_stdio_output@@QEAA_N_K@Z 000000018001b99c f i libucrt:output.obj
 0001:0001aa48       ??$is_wide_character_specifier@_W@__crt_stdio_output@@YA_N_K_WW4length_modifier@0@@Z 000000018001ba48 f i libucrt:output.obj
 0001:0001aa88       ??$type_case_integer_parse_into_buffer@I@?$output_processor@DV?$string_output_adapter@D@__crt_stdio_output@@V?$format_validation_base@DV?$string_output_adapter@D@__crt_stdio_output@@@2@@__crt_stdio_output@@AEAAXII_N@Z 000000018001ba88 f i libucrt:output.obj
 0001:0001ab18       ??$type_case_integer_parse_into_buffer@I@?$output_processor@_WV?$string_output_adapter@_W@__crt_stdio_output@@V?$standard_base@_WV?$string_output_adapter@_W@__crt_stdio_output@@@2@@__crt_stdio_output@@AEAAXII_N@Z 000000018001bb18 f i libucrt:output.obj
 0001:0001ab18       ??$type_case_integer_parse_into_buffer@I@?$output_processor@_WV?$stream_output_adapter@_W@__crt_stdio_output@@V?$standard_base@_WV?$stream_output_adapter@_W@__crt_stdio_output@@@2@@__crt_stdio_output@@AEAAXII_N@Z 000000018001bb18 f i libucrt:output.obj
 0001:0001abbc       ??$type_case_integer_parse_into_buffer@_K@?$output_processor@DV?$string_output_adapter@D@__crt_stdio_output@@V?$format_validation_base@DV?$string_output_adapter@D@__crt_stdio_output@@@2@@__crt_stdio_output@@AEAAX_KI_N@Z 000000018001bbbc f i libucrt:output.obj
 0001:0001ac50       ??$type_case_integer_parse_into_buffer@_K@?$output_processor@_WV?$stream_output_adapter@_W@__crt_stdio_output@@V?$standard_base@_WV?$stream_output_adapter@_W@__crt_stdio_output@@@2@@__crt_stdio_output@@AEAAX_KI_N@Z 000000018001bc50 f i libucrt:output.obj
 0001:0001ac50       ??$type_case_integer_parse_into_buffer@_K@?$output_processor@_WV?$string_output_adapter@_W@__crt_stdio_output@@V?$standard_base@_WV?$string_output_adapter@_W@__crt_stdio_output@@@2@@__crt_stdio_output@@AEAAX_KI_N@Z 000000018001bc50 f i libucrt:output.obj
 0001:0001acf4       ??$write_multiple_characters@V?$stream_output_adapter@_W@__crt_stdio_output@@D@__crt_stdio_output@@YAXAEBV?$stream_output_adapter@_W@0@DHQEAH@Z 000000018001bcf4 f i libucrt:output.obj
 0001:0001ad88       ??$write_multiple_characters@V?$string_output_adapter@D@__crt_stdio_output@@D@__crt_stdio_output@@YAXAEBV?$string_output_adapter@D@0@DHQEAH@Z 000000018001bd88 f i libucrt:output.obj
 0001:0001ae00       ??$write_multiple_characters@V?$string_output_adapter@_W@__crt_stdio_output@@D@__crt_stdio_output@@YAXAEBV?$string_output_adapter@_W@0@DHQEAH@Z 000000018001be00 f i libucrt:output.obj
 0001:0001afb0       ?crop_zeroes@__crt_stdio_output@@YAXPEADQEAU__crt_locale_pointers@@@Z 000000018001bfb0 f i libucrt:output.obj
 0001:0001b01c       ?force_decimal_point@__crt_stdio_output@@YAXPEADQEAU__crt_locale_pointers@@@Z 000000018001c01c f i libucrt:output.obj
 0001:0001b08c       ?parse_int_from_format_string@?$output_processor@DV?$string_output_adapter@D@__crt_stdio_output@@V?$format_validation_base@DV?$string_output_adapter@D@__crt_stdio_output@@@2@@__crt_stdio_output@@AEAA_NQEAH@Z 000000018001c08c f i libucrt:output.obj
 0001:0001b130       ?parse_int_from_format_string@?$output_processor@_WV?$string_output_adapter@_W@__crt_stdio_output@@V?$standard_base@_WV?$string_output_adapter@_W@__crt_stdio_output@@@2@@__crt_stdio_output@@AEAA_NQEAH@Z 000000018001c130 f i libucrt:output.obj
 0001:0001b130       ?parse_int_from_format_string@?$output_processor@_WV?$stream_output_adapter@_W@__crt_stdio_output@@V?$standard_base@_WV?$stream_output_adapter@_W@__crt_stdio_output@@@2@@__crt_stdio_output@@AEAA_NQEAH@Z 000000018001c130 f i libucrt:output.obj
 0001:0001b1d4       ?process@?$output_processor@DV?$string_output_adapter@D@__crt_stdio_output@@V?$format_validation_base@DV?$string_output_adapter@D@__crt_stdio_output@@@2@@__crt_stdio_output@@QEAAHXZ 000000018001c1d4 f i libucrt:output.obj
 0001:0001b3ec       ?process@?$output_processor@_WV?$stream_output_adapter@_W@__crt_stdio_output@@V?$standard_base@_WV?$stream_output_adapter@_W@__crt_stdio_output@@@2@@__crt_stdio_output@@QEAAHXZ 000000018001c3ec f i libucrt:output.obj
 0001:0001b658       ?process@?$output_processor@_WV?$string_output_adapter@_W@__crt_stdio_output@@V?$standard_base@_WV?$string_output_adapter@_W@__crt_stdio_output@@@2@@__crt_stdio_output@@QEAAHXZ 000000018001c658 f i libucrt:output.obj
 0001:0001b8d4       ?state_case_normal@?$output_processor@DV?$string_output_adapter@D@__crt_stdio_output@@V?$format_validation_base@DV?$string_output_adapter@D@__crt_stdio_output@@@2@@__crt_stdio_output@@AEAA_NXZ 000000018001c8d4 f i libucrt:output.obj
 0001:0001b948       ?state_case_normal_tchar@?$output_processor@DV?$string_output_adapter@D@__crt_stdio_output@@V?$format_validation_base@DV?$string_output_adapter@D@__crt_stdio_output@@@2@@__crt_stdio_output@@AEAA_ND@Z 000000018001c948 f i libucrt:output.obj
 0001:0001b9f0       ?state_case_size@?$output_processor@DV?$string_output_adapter@D@__crt_stdio_output@@V?$format_validation_base@DV?$string_output_adapter@D@__crt_stdio_output@@@2@@__crt_stdio_output@@AEAA_NXZ 000000018001c9f0 f i libucrt:output.obj
 0001:0001bb64       ?state_case_size@?$output_processor@_WV?$stream_output_adapter@_W@__crt_stdio_output@@V?$standard_base@_WV?$stream_output_adapter@_W@__crt_stdio_output@@@2@@__crt_stdio_output@@AEAA_NXZ 000000018001cb64 f i libucrt:output.obj
 0001:0001bcfc       ?state_case_size@?$output_processor@_WV?$string_output_adapter@_W@__crt_stdio_output@@V?$standard_base@_WV?$string_output_adapter@_W@__crt_stdio_output@@@2@@__crt_stdio_output@@AEAA_NXZ 000000018001ccfc f i libucrt:output.obj
 0001:0001be94       ?state_case_type@?$output_processor@DV?$string_output_adapter@D@__crt_stdio_output@@V?$format_validation_base@DV?$string_output_adapter@D@__crt_stdio_output@@@2@@__crt_stdio_output@@AEAA_NXZ 000000018001ce94 f i libucrt:output.obj
 0001:0001c0fc       ?state_case_type@?$output_processor@_WV?$stream_output_adapter@_W@__crt_stdio_output@@V?$standard_base@_WV?$stream_output_adapter@_W@__crt_stdio_output@@@2@@__crt_stdio_output@@AEAA_NXZ 000000018001d0fc f i libucrt:output.obj
 0001:0001c3dc       ?state_case_type@?$output_processor@_WV?$string_output_adapter@_W@__crt_stdio_output@@V?$standard_base@_WV?$string_output_adapter@_W@__crt_stdio_output@@@2@@__crt_stdio_output@@AEAA_NXZ 000000018001d3dc f i libucrt:output.obj
 0001:0001c6a8       ?type_case_Z@?$output_processor@DV?$string_output_adapter@D@__crt_stdio_output@@V?$format_validation_base@DV?$string_output_adapter@D@__crt_stdio_output@@@2@@__crt_stdio_output@@AEAA_NXZ 000000018001d6a8 f i libucrt:output.obj
 0001:0001c720       ?type_case_Z@?$output_processor@_WV?$string_output_adapter@_W@__crt_stdio_output@@V?$standard_base@_WV?$string_output_adapter@_W@__crt_stdio_output@@@2@@__crt_stdio_output@@AEAA_NXZ 000000018001d720 f i libucrt:output.obj
 0001:0001c720       ?type_case_Z@?$output_processor@_WV?$stream_output_adapter@_W@__crt_stdio_output@@V?$standard_base@_WV?$stream_output_adapter@_W@__crt_stdio_output@@@2@@__crt_stdio_output@@AEAA_NXZ 000000018001d720 f i libucrt:output.obj
 0001:0001c79c       ?type_case_a@?$output_processor@DV?$string_output_adapter@D@__crt_stdio_output@@V?$format_validation_base@DV?$string_output_adapter@D@__crt_stdio_output@@@2@@__crt_stdio_output@@AEAA_NXZ 000000018001d79c f i libucrt:output.obj
 0001:0001c958       ?type_case_a@?$output_processor@_WV?$string_output_adapter@_W@__crt_stdio_output@@V?$standard_base@_WV?$string_output_adapter@_W@__crt_stdio_output@@@2@@__crt_stdio_output@@AEAA_NXZ 000000018001d958 f i libucrt:output.obj
 0001:0001c958       ?type_case_a@?$output_processor@_WV?$stream_output_adapter@_W@__crt_stdio_output@@V?$standard_base@_WV?$stream_output_adapter@_W@__crt_stdio_output@@@2@@__crt_stdio_output@@AEAA_NXZ 000000018001d958 f i libucrt:output.obj
 0001:0001cb38       ?type_case_c_tchar@?$output_processor@DV?$string_output_adapter@D@__crt_stdio_output@@V?$format_validation_base@DV?$string_output_adapter@D@__crt_stdio_output@@@2@@__crt_stdio_output@@AEAA_ND@Z 000000018001db38 f i libucrt:output.obj
 0001:0001cbf4       ?type_case_c_tchar@?$output_processor@_WV?$stream_output_adapter@_W@__crt_stdio_output@@V?$standard_base@_WV?$stream_output_adapter@_W@__crt_stdio_output@@@2@@__crt_stdio_output@@AEAA_N_W@Z 000000018001dbf4 f i libucrt:output.obj
 0001:0001cbf4       ?type_case_c_tchar@?$output_processor@_WV?$string_output_adapter@_W@__crt_stdio_output@@V?$standard_base@_WV?$string_output_adapter@_W@__crt_stdio_output@@@2@@__crt_stdio_output@@AEAA_N_W@Z 000000018001dbf4 f i libucrt:output.obj
 0001:0001cc9c       ?type_case_integer@?$output_processor@DV?$string_output_adapter@D@__crt_stdio_output@@V?$format_validation_base@DV?$string_output_adapter@D@__crt_stdio_output@@@2@@__crt_stdio_output@@AEAA_NI_N@Z 000000018001dc9c f i libucrt:output.obj
 0001:0001ce64       ?type_case_integer@?$output_processor@_WV?$string_output_adapter@_W@__crt_stdio_output@@V?$standard_base@_WV?$string_output_adapter@_W@__crt_stdio_output@@@2@@__crt_stdio_output@@AEAA_NI_N@Z 000000018001de64 f i libucrt:output.obj
 0001:0001ce64       ?type_case_integer@?$output_processor@_WV?$stream_output_adapter@_W@__crt_stdio_output@@V?$standard_base@_WV?$stream_output_adapter@_W@__crt_stdio_output@@@2@@__crt_stdio_output@@AEAA_NI_N@Z 000000018001de64 f i libucrt:output.obj
 0001:0001d030       ?type_case_n@?$output_processor@_WV?$string_output_adapter@_W@__crt_stdio_output@@V?$standard_base@_WV?$string_output_adapter@_W@__crt_stdio_output@@@2@@__crt_stdio_output@@AEAA_NXZ 000000018001e030 f i libucrt:output.obj
 0001:0001d030       ?type_case_n@?$output_processor@DV?$string_output_adapter@D@__crt_stdio_output@@V?$format_validation_base@DV?$string_output_adapter@D@__crt_stdio_output@@@2@@__crt_stdio_output@@AEAA_NXZ 000000018001e030 f i libucrt:output.obj
 0001:0001d030       ?type_case_n@?$output_processor@_WV?$stream_output_adapter@_W@__crt_stdio_output@@V?$standard_base@_WV?$stream_output_adapter@_W@__crt_stdio_output@@@2@@__crt_stdio_output@@AEAA_NXZ 000000018001e030 f i libucrt:output.obj
 0001:0001d10c       ?type_case_s@?$output_processor@DV?$string_output_adapter@D@__crt_stdio_output@@V?$format_validation_base@DV?$string_output_adapter@D@__crt_stdio_output@@@2@@__crt_stdio_output@@AEAA_NXZ 000000018001e10c f i libucrt:output.obj
 0001:0001d1a4       ?type_case_s@?$output_processor@_WV?$string_output_adapter@_W@__crt_stdio_output@@V?$standard_base@_WV?$string_output_adapter@_W@__crt_stdio_output@@@2@@__crt_stdio_output@@AEAA_NXZ 000000018001e1a4 f i libucrt:output.obj
 0001:0001d1a4       ?type_case_s@?$output_processor@_WV?$stream_output_adapter@_W@__crt_stdio_output@@V?$standard_base@_WV?$stream_output_adapter@_W@__crt_stdio_output@@@2@@__crt_stdio_output@@AEAA_NXZ 000000018001e1a4 f i libucrt:output.obj
 0001:0001d26c       ?write_stored_string_tchar@?$output_processor@DV?$string_output_adapter@D@__crt_stdio_output@@V?$format_validation_base@DV?$string_output_adapter@D@__crt_stdio_output@@@2@@__crt_stdio_output@@AEAA_ND@Z 000000018001e26c f i libucrt:output.obj
 0001:0001d344       ?write_stored_string_tchar@?$output_processor@_WV?$stream_output_adapter@_W@__crt_stdio_output@@V?$standard_base@_WV?$stream_output_adapter@_W@__crt_stdio_output@@@2@@__crt_stdio_output@@AEAA_N_W@Z 000000018001e344 f i libucrt:output.obj
 0001:0001d44c       ?write_stored_string_tchar@?$output_processor@_WV?$string_output_adapter@_W@__crt_stdio_output@@V?$standard_base@_WV?$string_output_adapter@_W@__crt_stdio_output@@@2@@__crt_stdio_output@@AEAA_N_W@Z 000000018001e44c f i libucrt:output.obj
 0001:0001d538       ?write_string@?$string_output_adapter@D@__crt_stdio_output@@QEBAXQEBDHQEAHAEAV__crt_deferred_errno_cache@@@Z 000000018001e538 f i libucrt:output.obj
 0001:0001d5dc       ?write_string@?$string_output_adapter@_W@__crt_stdio_output@@QEBAXQEB_WHQEAHAEAV__crt_deferred_errno_cache@@@Z 000000018001e5dc f i libucrt:output.obj
 0001:0001d684       ?write_string_impl@?$output_adapter_common@_WV?$stream_output_adapter@_W@__crt_stdio_output@@@__crt_stdio_output@@IEBAXQEB_WHQEAHAEAV__crt_deferred_errno_cache@@@Z 000000018001e684 f i libucrt:output.obj
 0001:0001d788       __stdio_common_vfwprintf   000000018001e788 f   libucrt:output.obj
 0001:0001d814       __stdio_common_vsprintf_s  000000018001e814 f   libucrt:output.obj
 0001:0001d878       __stdio_common_vswprintf   000000018001e878 f   libucrt:output.obj
 0001:0001d880       _fgetc_nolock              000000018001e880 f   libucrt:fgetc.obj
 0001:0001d8c4       fgetc                      000000018001e8c4 f   libucrt:fgetc.obj
 0001:0001d9cc       __acrt_initialize_stdio    000000018001e9cc f   libucrt:_file.obj
 0001:0001daec       __acrt_iob_func            000000018001eaec f   libucrt:_file.obj
 0001:0001db00       __acrt_uninitialize_stdio  000000018001eb00 f   libucrt:_file.obj
 0001:0001db5c       _get_stream_buffer_pointers 000000018001eb5c f   libucrt:_file.obj
 0001:0001dba4       _lock_file                 000000018001eba4 f   libucrt:_file.obj
 0001:0001dbb0       _unlock_file               000000018001ebb0 f   libucrt:_file.obj
 0001:0001dbbc       localeconv                 000000018001ebbc f   libucrt:localeconv.obj
 0001:0001dc94       _fwrite_nolock             000000018001ec94 f   libucrt:fwrite.obj
 0001:0001de40       fwrite                     000000018001ee40 f   libucrt:fwrite.obj
 0001:0001dec4       fgetpos                    000000018001eec4 f   libucrt:fgetpos.obj
 0001:0001e030       setvbuf                    000000018001f030 f   libucrt:setvbuf.obj
 0001:0001e0cc       free                       000000018001f0cc f   libucrt:free.obj
 0001:0001e0e0       _ungetc_nolock             000000018001f0e0 f   libucrt:ungetc.obj
 0001:0001e208       ungetc                     000000018001f208 f   libucrt:ungetc.obj
 0001:0001e260       frexp                      000000018001f260 f   libucrt:frexp.obj
 0001:0001e358       fsetpos                    000000018001f358 f   libucrt:fsetpos.obj
 0001:0001e390       _fread_nolock_s            000000018001f390 f   libucrt:fread.obj
 0001:0001e620       fread                      000000018001f620 f   libucrt:fread.obj
 0001:0001e640       fread_s                    000000018001f640 f   libucrt:fread.obj
 0001:0001e8f0       _fseeki64                  000000018001f8f0 f   libucrt:fseek.obj
 0001:0001e8f8       fseek                      000000018001f8f8 f   libucrt:fseek.obj
 0001:0001f018       ??$ftprintf@PEAU_iobuf@@PEB_WAEBQEB_WAEBQEB_WAEBI@?$__crt_char_traits@_W@@SAH$$QEAPEAU_iobuf@@$$QEAPEB_WAEBQEB_W2AEBI@Z 0000000180020018 f i libucrt:assert.obj
 0001:0001f040       _wassert                   0000000180020040 f   libucrt:assert.obj
 0001:0001f0b4       fwprintf                   00000001800200b4 f i libucrt:assert.obj
 0001:0001f0f8       swprintf                   00000001800200f8 f i libucrt:assert.obj
 0001:0001f14c       _dtest                     000000018002014c f   libucrt:_test.obj
 0001:0001f1b0       log2                       00000001800201b0 f   libucrt:log2.obj
 0001:0001f4d8       __acrt_initialize_new_handler 00000001800204d8 f   libucrt:new_handler.obj
 0001:0001f4e0       _callnewh                  00000001800204e0 f   libucrt:new_handler.obj
 0001:0001f510       _query_new_handler         0000000180020510 f   libucrt:new_handler.obj
 0001:0001f544       malloc                     0000000180020544 f   libucrt:malloc.obj
 0001:0001f54c       _seh_filter_dll            000000018002054c f   libucrt:exception_filter.obj
 0001:0001f560       _seh_filter_exe            0000000180020560 f   libucrt:exception_filter.obj
 0001:0001f950       __acrt_initialize_thread_local_exit_callback 0000000180020950 f   libucrt:exit.obj
 0001:0001f958       _cexit                     0000000180020958 f   libucrt:exit.obj
 0001:0001f968       _exit                      0000000180020968 f   libucrt:exit.obj
 0001:0001f974       _is_c_termination_complete 0000000180020974 f   libucrt:exit.obj
 0001:0001fb40       __acrt_allocate_buffer_for_argv 0000000180020b40 f   libucrt:argv_parsing.obj
[...]
 0004:00002904       $pdata$__acrt_get_qualified_locale_downlevel 0000000180059904     libucrt:getqloc_downlevel.obj
 0004:00002910       $pdata$__acrt_lowio_create_handle_array 0000000180059910     libucrt:osfinfo.obj
 0004:0000291c       $pdata$__acrt_lowio_destroy_handle_array 000000018005991c     libucrt:osfinfo.obj
 0004:00002928       $pdata$__acrt_lowio_ensure_fh_exists 0000000180059928     libucrt:osfinfo.obj
 0004:00002934       $pdata$__acrt_lowio_set_os_handle 0000000180059934     libucrt:osfinfo.obj
 0004:00002940       $pdata$_alloc_osfhnd       0000000180059940     libucrt:osfinfo.obj
 0004:0000294c       $pdata$_free_osfhnd        000000018005994c     libucrt:osfinfo.obj
 0004:00002958       $pdata$_get_osfhandle      0000000180059958     libucrt:osfinfo.obj
 0004:00002964       $pdata$_isatty             0000000180059964     libucrt:isatty.obj
 0004:00002970       $pdata$?__mbrtowc_utf8@__crt_mbstring@@YA_KPEA_WPEBD_KPEAU_Mbstatet@@@Z 0000000180059970     libucrt:mbrtowc.obj
 0004:0000297c       $pdata$?__mbsrtowcs_utf8@__crt_mbstring@@YA_KPEA_WPEAPEBD_KPEAU_Mbstatet@@@Z 000000018005997c     libucrt:mbrtowc.obj
 0004:00002988       $pdata$_putwch_nolock      0000000180059988     libucrt:putwch.obj
 0004:00002994       $pdata$?__c32rtomb_utf8@__crt_mbstring@@YA_KPEAD_UPEAU_Mbstatet@@@Z 0000000180059994     libucrt:c32rtomb.obj
 0004:000029a0       $pdata$__acrt_fp_strflt_to_string 00000001800599a0     libucrt:_fptostr.obj
 0004:000029ac       $pdata$__acrt_fltout       00000001800599ac     libucrt:cfout.obj
 0004:000029b8       $pdata$?GetTableIndexFromLocaleName@@YAHPEB_W@Z 00000001800599b8     libucrt:lcidtoname_downlevel.obj
 0004:000029c4       $pdata$__acrt_DownlevelLCIDToLocaleName 00000001800599c4     libucrt:lcidtoname_downlevel.obj
 0004:000029d0       $pdata$__acrt_DownlevelLocaleNameToLCID 00000001800599d0     libucrt:lcidtoname_downlevel.obj
 0004:000029e8       $pdata$qsort               00000001800599e8     libucrt:qsort.obj
 0004:000029f4       $pdata$4$qsort             00000001800599f4     libucrt:qsort.obj
 0004:00002a00       $pdata$5$qsort             0000000180059a00     libucrt:qsort.obj
 0004:00002a0c       $pdata$strncpy_s           0000000180059a0c     libucrt:strncpy_s.obj
 0004:00002a18       $pdata$fallbackMethod      0000000180059a18     libucrt:strpbrk.obj
 0004:00002a24       $pdata$strpbrk             0000000180059a24     libucrt:strpbrk.obj
 0004:00002a30       $pdata$_mbsdec_l           0000000180059a30     libucrt:mbsdec.obj
 0004:00002a3c       $pdata$?initialize_multibyte@@YAHXZ 0000000180059a3c     libucrt:multibyte_initializer.obj
 0004:00002a48       $pdata$_msize_base         0000000180059a48     libucrt:msize.obj
 0004:00002a54       $pdata$?__wcsrtombs_utf8@__crt_mbstring@@YA_KPEADPEAPEB_W_KPEAU_Mbstatet@@@Z 0000000180059a54     libucrt:wcrtomb.obj
 0004:00002a60       $pdata$_wcsnicmp           0000000180059a60     libucrt:wcsnicmp.obj
 0004:00002a6c       $pdata$_wcsnicmp_l         0000000180059a6c     libucrt:wcsnicmp.obj
 0004:00002a78       $pdata$__ascii_strnicmp    0000000180059a78     libucrt:strnicmp.obj
 0004:00002a84       $pdata$_strnicmp           0000000180059a84     libucrt:strnicmp.obj
 0004:00002a90       $pdata$_strnicmp_l         0000000180059a90     libucrt:strnicmp.obj
 0004:00002a9c       $pdata$??$common_sopen_dispatch@D@@YAHQEBDHHHQEAHH@Z 0000000180059a9c     libucrt:open.obj
 0004:00002aa8       $pdata$?configure_text_mode@@YAHHUfile_options@?A0xa9d50aae@@HAEAW4__crt_lowio_text_mode@@@Z 0000000180059aa8     libucrt:open.obj
 0004:00002ab4       $pdata$?decode_options@@YA?AUfile_options@?A0xa9d50aae@@HHH@Z 0000000180059ab4     libucrt:open.obj
 0004:00002ac0       $pdata$?truncate_ctrl_z_if_present@@YAHH@Z 0000000180059ac0     libucrt:open.obj
 0004:00002acc       $pdata$_sopen_nolock       0000000180059acc     libucrt:open.obj
 0004:00002ad8       $pdata$_sopen_s            0000000180059ad8     libucrt:open.obj
 0004:00002ae4       $pdata$_wsopen_nolock      0000000180059ae4     libucrt:open.obj
 0004:00002af0       $pdata$_towlower_l         0000000180059af0     libucrt:towlower.obj
 0004:00002afc       $pdata$?__mbrtoc32_utf8@__crt_mbstring@@YA_KPEA_UPEBD_KPEAU_Mbstatet@@@Z 0000000180059afc     libucrt:mbrtoc32.obj
 0004:00002b08       $pdata$__dcrt_lowio_ensure_console_output_initialized 0000000180059b08     libucrt:initcon.obj
 0004:00002b14       $pdata$__dcrt_terminate_console_output 0000000180059b14     libucrt:initcon.obj
 0004:00002b20       $pdata$__dcrt_write_console 0000000180059b20     libucrt:initcon.obj
 0004:00002b2c       $pdata$fegetenv            0000000180059b2c     libucrt:fegetenv.obj
 0004:00002b38       $pdata$fesetenv            0000000180059b38     libucrt:fesetenv.obj
 0004:00002b44       $pdata$feholdexcept        0000000180059b44     libucrt:feholdexcept.obj
 0004:00002b5c       $pdata$?__c16rtomb_utf8@__crt_mbstring@@YA_KPEAD_SPEAU_Mbstatet@@@Z 0000000180059b5c     libucrt:c16rtomb.obj
 0004:00002b68       $pdata$_get_fmode          0000000180059b68     libucrt:setmode.obj
 0004:00002b74       $pdata$_setmode_nolock     0000000180059b74     libucrt:setmode.obj
 0004:00002b80       $pdata$_chsize_nolock      0000000180059b80     libucrt:chsize.obj
 0004:00002b8c       $pdata$__acrt_LCMapStringW 0000000180059b8c     libucrt:lcmapstringw.obj
 0004:00002b98       $pdata$_clearfp            0000000180059b98     libucrt:ieee.obj
 0004:00002ba4       $pdata$_log10_special      0000000180059ba4     libucrt:log_special.obj
 0004:00002bb0       $pdata$_log_special_common 0000000180059bb0     libucrt:log_special.obj
 0004:00002bbc       $pdata$__GSHandlerCheck    0000000180059bbc     LIBCMT:gshandler.obj
 0004:00002bc8       $pdata$__GSHandlerCheckCommon 0000000180059bc8     LIBCMT:gshandler.obj
 0004:00002bd4       $pdata$__GSHandlerCheck_EH 0000000180059bd4     LIBCMT:gshandlereh.obj
 0004:00002bec       $pdata$_IsNonwritableInCurrentImage 0000000180059bec     LIBCMT:pesect.obj
 0004:00002bf8       $pdata$_local_unwind       0000000180059bf8     libvcruntime:jmpuwind.obj
 0004:00002c04       $pdata$strrchr             0000000180059c04     libvcruntime:strrchr.obj
 0004:00002c10       $pdata$wcschr              0000000180059c10     libvcruntime:wcschr.obj
 0004:00002c28       $pdata$sqrt                0000000180059c28     libucrt:sqrt.obj
 0004:00002c34       $pdata$_exp_special        0000000180059c34     libucrt:exp_special.obj
 0004:00002c4c       $pdata$__scrt_is_nonwritable_in_current_image$filt$0 0000000180059c4c     LIBCMT:utility.obj
 0004:00002c58       $pdata$?fin$0@?0??dllmain_crt_process_attach@@YAHQEAUHINSTANCE__@@QEAX@Z@4HA 0000000180059c58     LIBCMT:dll_dllmain.obj
 0004:00002c64       $pdata$?fin$0@?0??dllmain_crt_process_detach@@YAH_N@Z@4HA 0000000180059c64     LIBCMT:dll_dllmain.obj
 0004:00002c70       $pdata$?filt$0@?0??dllmain_dispatch@@YAHQEAUHINSTANCE__@@KQEAX@Z@4HA 0000000180059c70     LIBCMT:dll_dllmain.obj
 0004:00002c7c       $pdata$?filt$0@?0???$_CallSETranslator@V__FrameHandler3@@@@YAHPEAUEHExceptionRecord@@PEA_KPEAU_CONTEXT@@PEAU_xDISPATCHER_CONTEXT@@PEBU_s_FuncInfo@@K1@Z@4HA 0000000180059c7c     libvcruntime:risctrnsctrl.obj
 0004:00002c88       $pdata$__DestructExceptionObject$filt$0 0000000180059c88     libvcruntime:ehhelpers.obj
 0004:00002c94       $pdata$?filt$0@?0??CxxCallCatchBlock@__FrameHandler3@@SAPEAXPEAU_EXCEPTION_RECORD@@@Z@4HA 0000000180059c94     libvcruntime:frame.obj
 0004:00002ca0       $pdata$?fin$1@?0??CxxCallCatchBlock@__FrameHandler3@@SAPEAXPEAU_EXCEPTION_RECORD@@@Z@4HA 0000000180059ca0     libvcruntime:frame.obj
 0004:00002cac       $pdata$?filt$0@?0??FrameUnwindToState@__FrameHandler3@@SAXPEA_KPEAU_xDISPATCHER_CONTEXT@@PEBU_s_FuncInfo@@H@Z@4HA 0000000180059cac     libvcruntime:frame.obj
 0004:00002cb8       $pdata$?fin$1@?0??FrameUnwindToState@__FrameHandler3@@SAXPEA_KPEAU_xDISPATCHER_CONTEXT@@PEBU_s_FuncInfo@@H@Z@4HA 0000000180059cb8     libvcruntime:frame.obj
 0004:00002cc4       $pdata$fputc$fin$0         0000000180059cc4     libucrt:fputc.obj
 0004:00002cd0       $pdata$?fin$0@?0???$?RV<lambda_84ec643ea9557e2f7dc01bb0e9624395>@@AEAV<lambda_ca71763b3c0644891230e4f79ea54fa6>@@V<lambda_439a761618c59b0600e24586724d733b>@@@?$__crt_seh_guarded_call@H@@QEAAH$$QEAV<lambda_84ec643ea9557e2f7dc01bb0e9624395>@@AEAV<lambda_ca71763b3c0644891230e4f79ea54fa6>@@$$QEAV<lambda_439a761618c59b0600e24586724d733b>@@@Z@4HA 0000000180059cd0     libucrt:setvbuf.obj
 0004:00002cd0       $pdata$?fin$0@?0???$?RV<lambda_c376a267cfb53b6959b3b692ec76b120>@@AEAV<lambda_9a32fed5bf61b6b509b2d3f6003082a1>@@V<lambda_572fbb9fa0ab338edf41edfd4b5fcc8d>@@@?$__crt_seh_guarded_call@H@@QEAAH$$QEAV<lambda_c376a267cfb53b6959b3b692ec76b120>@@AEAV<lambda_9a32fed5bf61b6b509b2d3f6003082a1>@@$$QEAV<lambda_572fbb9fa0ab338edf41edfd4b5fcc8d>@@@Z@4HA 0000000180059cd0     libucrt:fflush.obj
 0004:00002cd0       $pdata$?fin$0@?0???$?RV<lambda_842d9ff0dc9ef11c61343bbaebe7f885>@@AEAV<lambda_c5860995281e5c4ce005b3de8f5874ee>@@V<lambda_d90129c13df834fdcbf8d2b88dafcf2d>@@@?$__crt_seh_guarded_call@X@@QEAAX$$QEAV<lambda_842d9ff0dc9ef11c61343bbaebe7f885>@@AEAV<lambda_c5860995281e5c4ce005b3de8f5874ee>@@$$QEAV<lambda_d90129c13df834fdcbf8d2b88dafcf2d>@@@Z@4HA 0000000180059cd0     libucrt:fflush.obj
 0004:00002cd0       $pdata$?fin$0@?0???$?RV<lambda_bdbcead8b570fa3d5ec6d9679862a6e5>@@AEAV<lambda_96f4279ff90247a4c5c5d9824f56f8c1>@@V<lambda_4606be27f17b5e5579e09050fab91818>@@@?$__crt_seh_guarded_call@_K@@QEAA_K$$QEAV<lambda_bdbcead8b570fa3d5ec6d9679862a6e5>@@AEAV<lambda_96f4279ff90247a4c5c5d9824f56f8c1>@@$$QEAV<lambda_4606be27f17b5e5579e09050fab91818>@@@Z@4HA 0000000180059cd0     libucrt:fwrite.obj
 0004:00002cd0       $pdata$?fin$0@?0???$?RV<lambda_0d412022a4b28cc8a401ea49574e8ae6>@@AEAV<lambda_a775ed57af18ba8e4d5dc780aa9068fe>@@V<lambda_975a71a6baa488a08f4e15f6b0339b9e>@@@?$__crt_seh_guarded_call@H@@QEAAH$$QEAV<lambda_0d412022a4b28cc8a401ea49574e8ae6>@@AEAV<lambda_a775ed57af18ba8e4d5dc780aa9068fe>@@$$QEAV<lambda_975a71a6baa488a08f4e15f6b0339b9e>@@@Z@4HA 0000000180059cd0     libucrt:output.obj
 0004:00002cdc       $pdata$?fin$0@?0???$?RV<lambda_886d6c58226a84441f68b9f2b8217b83>@@AEAV<lambda_ab61a845afdef5b7c387490eaf3616ee>@@V<lambda_f7f22ab5edc0698d5f6905b0d3f44752>@@@?$__crt_seh_guarded_call@X@@QEAAX$$QEAV<lambda_886d6c58226a84441f68b9f2b8217b83>@@AEAV<lambda_ab61a845afdef5b7c387490eaf3616ee>@@$$QEAV<lambda_f7f22ab5edc0698d5f6905b0d3f44752>@@@Z@4HA 0000000180059cdc     libucrt:fflush.obj
 0004:00002ce8       $pdata$?fin$0@?0???$common_ftell@_J@@YA_JV__crt_stdio_stream@@@Z@4HA 0000000180059ce8     libucrt:ftell.obj
 0004:00002ce8       $pdata$?fin$0@?0??common_fseek@@YAHV__crt_stdio_stream@@_JH@Z@4HA 0000000180059ce8     libucrt:fseek.obj
 0004:00002ce8       $pdata$fclose$fin$0        0000000180059ce8     libucrt:fclose.obj
 0004:00002cf4       $pdata$fgetc$fin$0         0000000180059cf4     libucrt:fgetc.obj
 0004:00002d00       $pdata$ungetc$fin$0        0000000180059d00     libucrt:ungetc.obj
 0004:00002d0c       $pdata$fread_s$fin$0       0000000180059d0c     libucrt:fread.obj
 0004:00002d18       $pdata$_query_new_handler$fin$0 0000000180059d18     libucrt:new_handler.obj
 0004:00002d24       $pdata$?fin$0@?0???$?RV<lambda_450d765d439847d4c735a33c368b5fc0>@@AEAV<lambda_44731a7d0e6d81c3e6aa82d741081786>@@V<lambda_601a2a7da3b7a96e9554ac7215c4b07c>@@@?$__crt_seh_guarded_call@P6AXH@Z@@QEAAP6AXH@Z$$QEAV<lambda_450d765d439847d4c735a33c368b5fc0>@@AEAV<lambda_44731a7d0e6d81c3e6aa82d741081786>@@$$QEAV<lambda_601a2a7da3b7a96e9554ac7215c4b07c>@@@Z@4HA 0000000180059d24     libucrt:signal.obj
 0004:00002d24       $pdata$?fin$0@?0???$?RV<lambda_efdfa57d1f175319df784efa44bb7b81>@@AEAV<lambda_5f0a4c1567f8adc6734073e5d1e1b35c>@@V<lambda_2e8a7d3640ea6ccb4c2413664c2db6fd>@@@?$__crt_seh_guarded_call@X@@QEAAX$$QEAV<lambda_efdfa57d1f175319df784efa44bb7b81>@@AEAV<lambda_5f0a4c1567f8adc6734073e5d1e1b35c>@@$$QEAV<lambda_2e8a7d3640ea6ccb4c2413664c2db6fd>@@@Z@4HA 0000000180059d24     libucrt:mbctype.obj
 0004:00002d24       $pdata$?fin$0@?0???$?RV<lambda_bd00b5aa228bd7e7e5b2b5db5fd2933b>@@AEAV<lambda_777d11615145f89ee95b9466d285deeb>@@V<lambda_6e5e48fbd24f9f8f81b203eb3d877683>@@@?$__crt_seh_guarded_call@H@@QEAAH$$QEAV<lambda_bd00b5aa228bd7e7e5b2b5db5fd2933b>@@AEAV<lambda_777d11615145f89ee95b9466d285deeb>@@$$QEAV<lambda_6e5e48fbd24f9f8f81b203eb3d877683>@@@Z@4HA 0000000180059d24     libucrt:winapi_thunks.obj
 0004:00002d24       $pdata$?fin$0@?0???$?RV<lambda_7777bce6b2f8c936911f934f8298dc43>@@AEAV<lambda_f03950bc5685219e0bcd2087efbe011e>@@V<lambda_3883c3dff614d5e0c5f61bb1ac94921c>@@@?$__crt_seh_guarded_call@H@@QEAAH$$QEAV<lambda_7777bce6b2f8c936911f934f8298dc43>@@AEAV<lambda_f03950bc5685219e0bcd2087efbe011e>@@$$QEAV<lambda_3883c3dff614d5e0c5f61bb1ac94921c>@@@Z@4HA 0000000180059d24     libucrt:onexit.obj
 0004:00002d24       $pdata$?fin$0@?0???$?RV<lambda_9bd929c17696992ce54f1d748594fc62>@@AEAV<lambda_082c17da81b0962e08c0587ee0fac50c>@@V<lambda_9c08ac857f4975304d44e9f601d9b878>@@@?$__crt_seh_guarded_call@PEAD@@QEAAPEAD$$QEAV<lambda_9bd929c17696992ce54f1d748594fc62>@@AEAV<lambda_082c17da81b0962e08c0587ee0fac50c>@@$$QEAV<lambda_9c08ac857f4975304d44e9f601d9b878>@@@Z@4HA 0000000180059d24     libucrt:setlocale.obj
 0004:00002d24       $pdata$?fin$0@?0???$?RV<lambda_aa87e3671a710a21b5dc78c0bdf72e11>@@AEAV<lambda_92619d2358a28f41a33ba319515a20b9>@@V<lambda_6992ecaafeb10aed2b74cb1fae11a551>@@@?$__crt_seh_guarded_call@X@@QEAAX$$QEAV<lambda_aa87e3671a710a21b5dc78c0bdf72e11>@@AEAV<lambda_92619d2358a28f41a33ba319515a20b9>@@$$QEAV<lambda_6992ecaafeb10aed2b74cb1fae11a551>@@@Z@4HA 0000000180059d24     libucrt:per_thread_data.obj
 0004:00002d24       $pdata$?fin$0@?0???$?RV<lambda_f2e299630e499de9f9a165e60fcd3db5>@@AEAV<lambda_2ae9d31cdba2644fcbeaf08da7c24588>@@V<lambda_40d01ff24d0e7b3814fdbdcee8eab3c7>@@@?$__crt_seh_guarded_call@X@@QEAAX$$QEAV<lambda_f2e299630e499de9f9a165e60fcd3db5>@@AEAV<lambda_2ae9d31cdba2644fcbeaf08da7c24588>@@$$QEAV<lambda_40d01ff24d0e7b3814fdbdcee8eab3c7>@@@Z@4HA 0000000180059d24     libucrt:per_thread_data.obj
 0004:00002d24       $pdata$?fin$0@?0???$?RV<lambda_2d41944a1d46af3157314b8a01080d33>@@AEAV<lambda_8f455de75cd7d7f24b4096f044d8b9e6>@@V<lambda_aa500f224e6afead328df44964fe2772>@@@?$__crt_seh_guarded_call@X@@QEAAX$$QEAV<lambda_2d41944a1d46af3157314b8a01080d33>@@AEAV<lambda_8f455de75cd7d7f24b4096f044d8b9e6>@@$$QEAV<lambda_aa500f224e6afead328df44964fe2772>@@@Z@4HA 0000000180059d24     libucrt:per_thread_data.obj
 0004:00002d24       $pdata$?fin$0@?0???$?RV<lambda_638799b9deba96c50f710eeac98168cd>@@AEAV<lambda_22ebabd17bc4fa466a2aca6d8deb888d>@@V<lambda_a6f7d7db0129f75315ebf26d50c089f1>@@@?$__crt_seh_guarded_call@H@@QEAAH$$QEAV<lambda_638799b9deba96c50f710eeac98168cd>@@AEAV<lambda_22ebabd17bc4fa466a2aca6d8deb888d>@@$$QEAV<lambda_a6f7d7db0129f75315ebf26d50c089f1>@@@Z@4HA 0000000180059d24     libucrt:onexit.obj
 0004:00002d24       $pdata$?fin$0@?0???$?RV<lambda_d80eeec6fff315bfe5c115232f3240e3>@@AEAV<lambda_6e4b09c48022b2350581041d5f6b0c4c>@@V<lambda_2358e3775559c9db80273638284d5e45>@@@?$__crt_seh_guarded_call@X@@QEAAX$$QEAV<lambda_d80eeec6fff315bfe5c115232f3240e3>@@AEAV<lambda_6e4b09c48022b2350581041d5f6b0c4c>@@$$QEAV<lambda_2358e3775559c9db80273638284d5e45>@@@Z@4HA 0000000180059d24     libucrt:exit.obj
 0004:00002d24       $pdata$?fin$0@?0???$?RV<lambda_0ae27a3a962d80f24befdcbee591983d>@@AEAV<lambda_8d0ee55de4b1038c4002e0adecdf1839>@@V<lambda_dc504788e8f1664fe9b84e20bfb512f2>@@@?$__crt_seh_guarded_call@X@@QEAAX$$QEAV<lambda_0ae27a3a962d80f24befdcbee591983d>@@AEAV<lambda_8d0ee55de4b1038c4002e0adecdf1839>@@$$QEAV<lambda_dc504788e8f1664fe9b84e20bfb512f2>@@@Z@4HA 0000000180059d24     libucrt:per_thread_data.obj
 0004:00002d24       $pdata$?fin$0@?0???$?RV<lambda_1d892b297fdedeee07ed8124eeb2f2fa>@@AEAV<lambda_ffc046909424fd52df0ac47e64813305>@@V<lambda_01a7098693036236037e7cdb9bca3d73>@@@?$__crt_seh_guarded_call@X@@QEAAX$$QEAV<lambda_1d892b297fdedeee07ed8124eeb2f2fa>@@AEAV<lambda_ffc046909424fd52df0ac47e64813305>@@$$QEAV<lambda_01a7098693036236037e7cdb9bca3d73>@@@Z@4HA 0000000180059d24     libucrt:wsetlocale.obj
 0004:00002d30       $pdata$?filt$0@?0???R<lambda_6e4b09c48022b2350581041d5f6b0c4c>@@QEBA@XZ@4HA 0000000180059d30     libucrt:exit.obj
 0004:00002d3c       $pdata$?fin$0@?0???$common_fsopen@D@@YAPEAU_iobuf@@QEBD0H@Z@4HA 0000000180059d3c     libucrt:fopen.obj
 0004:00002d48       $pdata$?fin$0@?0???$?RV<lambda_410d79af7f07d98d83a3f525b3859a53>@@AEAV<lambda_3e16ef9562a7dcce91392c22ab16ea36>@@V<lambda_38119f0e861e05405d8a144b9b982f0a>@@@?$__crt_seh_guarded_call@X@@QEAAX$$QEAV<lambda_410d79af7f07d98d83a3f525b3859a53>@@AEAV<lambda_3e16ef9562a7dcce91392c22ab16ea36>@@$$QEAV<lambda_38119f0e861e05405d8a144b9b982f0a>@@@Z@4HA 0000000180059d48     libucrt:wsetlocale.obj
 0004:00002d54       $pdata$?fin$0@?0???$?RV<lambda_7f2adfce497ff2baa965cd4f576ecfd1>@@AEAV<lambda_2a444430fde8c29194d880d93eed5e8f>@@AEAV<lambda_8dff2cf36a5417162780cd64fa2883ef>@@@?$__crt_seh_guarded_call@X@@QEAAX$$QEAV<lambda_7f2adfce497ff2baa965cd4f576ecfd1>@@AEAV<lambda_2a444430fde8c29194d880d93eed5e8f>@@AEAV<lambda_8dff2cf36a5417162780cd64fa2883ef>@@@Z@4HA 0000000180059d54     libucrt:wsetlocale.obj
 0004:00002d60       $pdata$raise$fin$0         0000000180059d60     libucrt:signal.obj
 0004:00002d6c       $pdata$__acrt_initialize_lowio$fin$0 0000000180059d6c     libucrt:ioinit.obj
 0004:00002d6c       $pdata$__acrt_lowio_ensure_fh_exists$fin$0 0000000180059d6c     libucrt:osfinfo.obj
 0004:00002d6c       $pdata$_alloc_osfhnd$fin$0 0000000180059d6c     libucrt:osfinfo.obj
 0004:00002d78       $pdata$?fin$0@?0???$?RV<lambda_a37b2b86f63e897a80ea819b0eb08c01>@@AEAV<lambda_38ce7e780aa69e748d6df282ebc68efe>@@V<lambda_99fb1378e971ab6e7edea83e3a7a83a2>@@@?$__crt_seh_guarded_call@H@@QEAAH$$QEAV<lambda_a37b2b86f63e897a80ea819b0eb08c01>@@AEAV<lambda_38ce7e780aa69e748d6df282ebc68efe>@@$$QEAV<lambda_99fb1378e971ab6e7edea83e3a7a83a2>@@@Z@4HA 0000000180059d78     libucrt:commit.obj
 0004:00002d78       $pdata$?fin$0@?0???$?RV<lambda_751a882b2c74d4b022dec766aa51a29a>@@AEAV<lambda_628dfdc04ba53c8bfc02c9951375f3f5>@@V<lambda_f6c7be5f7998530c34de24c7437d6b54>@@@?$__crt_seh_guarded_call@H@@QEAAH$$QEAV<lambda_751a882b2c74d4b022dec766aa51a29a>@@AEAV<lambda_628dfdc04ba53c8bfc02c9951375f3f5>@@$$QEAV<lambda_f6c7be5f7998530c34de24c7437d6b54>@@@Z@4HA 0000000180059d78     libucrt:close.obj
 0004:00002d84       $pdata$_write$fin$0        0000000180059d84     libucrt:write.obj
 0004:00002d84       $pdata$?fin$0@?0???$common_lseek@_J@@YA_JH_JH@Z@4HA 0000000180059d84     libucrt:lseek.obj
 0004:00002d90       $pdata$?fin$0@?0??__acrt_stdio_allocate_stream@@YA?AV__crt_stdio_stream@@XZ@4HA 0000000180059d90     libucrt:stream.obj
 0004:00002d90       $pdata$_fcloseall$fin$0    0000000180059d90     libucrt:closeall.obj
 0004:00002d9c       $pdata$_ctrlfp$filt$0      0000000180059d9c     libucrt:fpctrl.obj
 0004:00002da8       $pdata$_read$fin$0         0000000180059da8     libucrt:read.obj
 0004:00002db4       $pdata$?fin$0@?0??update_thread_multibyte_data_internal@@YAPEAU__crt_multibyte_data@@QEAU__acrt_ptd@@QEAPEAU1@@Z@4HA 0000000180059db4     libucrt:mbctype.obj
 0004:00002dc0       $pdata$__acrt_update_thread_locale_data$fin$0 0000000180059dc0     libucrt:locale_refcounting.obj
 0004:00002dcc       $pdata$?fin$0@?0???$common_sopen_dispatch@D@@YAHQEBDHHHQEAHH@Z@4HA 0000000180059dcc     libucrt:open.obj
 0004:00002dd8       $pdata$_IsNonwritableInCurrentImage$filt$0 0000000180059dd8     LIBCMT:pesect.obj
 0004:00002de4       $pdata$??__Fclassic_locale@std@@YAXXZ 0000000180059de4     libcpmt:locale0.obj
 0004:00002df0       $pdata$??__Fcout@std@@YAXXZ 0000000180059df0     libcpmt:cout.obj
 0004:00002dfc       $pdata$??__Finit_atexit@@YAXXZ 0000000180059dfc     libcpmt:iosptrs.obj
 0005:00000060       $R000000                   000000018005a060     * linker generated manifest res *

 Exports

  ordinal    name

        1    _register_model_
